Archive member included to satisfy reference by file (symbol)

/Users/shizacat/.platformio/packages/toolchain-gccarmnoneeabi@1.70201.0/bin/../lib/gcc/arm-none-eabi/7.2.1/../../../../arm-none-eabi/lib/thumb/v7-m/libc.a(lib_a-memcmp.o)
                              .pio/build/genericSTM32F103C8/src/src/gcode.o (memcmp)
/Users/shizacat/.platformio/packages/toolchain-gccarmnoneeabi@1.70201.0/bin/../lib/gcc/arm-none-eabi/7.2.1/../../../../arm-none-eabi/lib/thumb/v7-m/libc.a(lib_a-memset.o)
                              .pio/build/genericSTM32F103C8/src/src/gcode.o (memset)
/Users/shizacat/.platformio/packages/toolchain-gccarmnoneeabi@1.70201.0/bin/../lib/gcc/arm-none-eabi/7.2.1/thumb/v7-m/libgcc.a(_arm_addsubdf3.o)
                              .pio/build/genericSTM32F103C8/src/src/motion_control.o (__aeabi_dsub)
/Users/shizacat/.platformio/packages/toolchain-gccarmnoneeabi@1.70201.0/bin/../lib/gcc/arm-none-eabi/7.2.1/thumb/v7-m/libgcc.a(_arm_cmpdf2.o)
                              .pio/build/genericSTM32F103C8/src/src/motion_control.o (__aeabi_dcmple)
/Users/shizacat/.platformio/packages/toolchain-gccarmnoneeabi@1.70201.0/bin/../lib/gcc/arm-none-eabi/7.2.1/thumb/v7-m/libgcc.a(_arm_truncdfsf2.o)
                              .pio/build/genericSTM32F103C8/src/src/motion_control.o (__aeabi_d2f)
/Users/shizacat/.platformio/packages/toolchain-gccarmnoneeabi@1.70201.0/bin/../lib/gcc/arm-none-eabi/7.2.1/thumb/v7-m/libgcc.a(_arm_addsubsf3.o)
                              .pio/build/genericSTM32F103C8/src/src/gcode.o (__aeabi_fsub)
/Users/shizacat/.platformio/packages/toolchain-gccarmnoneeabi@1.70201.0/bin/../lib/gcc/arm-none-eabi/7.2.1/thumb/v7-m/libgcc.a(_arm_muldivsf3.o)
                              .pio/build/genericSTM32F103C8/src/src/gcode.o (__aeabi_fmul)
/Users/shizacat/.platformio/packages/toolchain-gccarmnoneeabi@1.70201.0/bin/../lib/gcc/arm-none-eabi/7.2.1/thumb/v7-m/libgcc.a(_arm_cmpsf2.o)
                              .pio/build/genericSTM32F103C8/src/src/gcode.o (__aeabi_fcmpeq)
/Users/shizacat/.platformio/packages/toolchain-gccarmnoneeabi@1.70201.0/bin/../lib/gcc/arm-none-eabi/7.2.1/thumb/v7-m/libgcc.a(_arm_fixsfsi.o)
                              .pio/build/genericSTM32F103C8/src/src/gcode.o (__aeabi_f2iz)
/Users/shizacat/.platformio/packages/toolchain-gccarmnoneeabi@1.70201.0/bin/../lib/gcc/arm-none-eabi/7.2.1/thumb/v7-m/libgcc.a(_arm_fixunssfsi.o)
                              .pio/build/genericSTM32F103C8/src/src/gcode.o (__aeabi_f2uiz)
/Users/shizacat/.platformio/packages/toolchain-gccarmnoneeabi@1.70201.0/bin/../lib/gcc/arm-none-eabi/7.2.1/../../../../arm-none-eabi/lib/thumb/v7-m/libm.a(lib_a-sf_ceil.o)
                              .pio/build/genericSTM32F103C8/src/src/nuts_bolts.o (ceilf)
/Users/shizacat/.platformio/packages/toolchain-gccarmnoneeabi@1.70201.0/bin/../lib/gcc/arm-none-eabi/7.2.1/../../../../arm-none-eabi/lib/thumb/v7-m/libm.a(lib_a-sf_cos.o)
                              .pio/build/genericSTM32F103C8/src/src/motion_control.o (cosf)
/Users/shizacat/.platformio/packages/toolchain-gccarmnoneeabi@1.70201.0/bin/../lib/gcc/arm-none-eabi/7.2.1/../../../../arm-none-eabi/lib/thumb/v7-m/libm.a(lib_a-sf_floor.o)
                              .pio/build/genericSTM32F103C8/src/src/motion_control.o (floorf)
/Users/shizacat/.platformio/packages/toolchain-gccarmnoneeabi@1.70201.0/bin/../lib/gcc/arm-none-eabi/7.2.1/../../../../arm-none-eabi/lib/thumb/v7-m/libm.a(lib_a-sf_lround.o)
                              .pio/build/genericSTM32F103C8/src/src/gcode.o (lroundf)
/Users/shizacat/.platformio/packages/toolchain-gccarmnoneeabi@1.70201.0/bin/../lib/gcc/arm-none-eabi/7.2.1/../../../../arm-none-eabi/lib/thumb/v7-m/libm.a(lib_a-sf_sin.o)
                              .pio/build/genericSTM32F103C8/src/src/motion_control.o (sinf)
/Users/shizacat/.platformio/packages/toolchain-gccarmnoneeabi@1.70201.0/bin/../lib/gcc/arm-none-eabi/7.2.1/../../../../arm-none-eabi/lib/thumb/v7-m/libm.a(lib_a-sf_trunc.o)
                              .pio/build/genericSTM32F103C8/src/src/gcode.o (truncf)
/Users/shizacat/.platformio/packages/toolchain-gccarmnoneeabi@1.70201.0/bin/../lib/gcc/arm-none-eabi/7.2.1/../../../../arm-none-eabi/lib/thumb/v7-m/libm.a(lib_a-wf_atan2.o)
                              .pio/build/genericSTM32F103C8/src/src/motion_control.o (atan2f)
/Users/shizacat/.platformio/packages/toolchain-gccarmnoneeabi@1.70201.0/bin/../lib/gcc/arm-none-eabi/7.2.1/../../../../arm-none-eabi/lib/thumb/v7-m/libm.a(lib_a-wf_sqrt.o)
                              .pio/build/genericSTM32F103C8/src/src/gcode.o (sqrtf)
/Users/shizacat/.platformio/packages/toolchain-gccarmnoneeabi@1.70201.0/bin/../lib/gcc/arm-none-eabi/7.2.1/../../../../arm-none-eabi/lib/thumb/v7-m/libm.a(lib_a-ef_atan2.o)
                              /Users/shizacat/.platformio/packages/toolchain-gccarmnoneeabi@1.70201.0/bin/../lib/gcc/arm-none-eabi/7.2.1/../../../../arm-none-eabi/lib/thumb/v7-m/libm.a(lib_a-wf_atan2.o) (__ieee754_atan2f)
[...]
Memory Configuration

Name             Origin             Length             Attributes
RAM              0x0000000020000000 0x0000000000005000 xrw
FLASH            0x0000000008000000 0x0000000000010000 xr
*default*        0x0000000000000000 0xffffffffffffffff

Linker script and memory map

LOAD .pio/build/genericSTM32F103C8/src/lib/cmsis_boot/startup/startup_stm32f10x_md.o
LOAD .pio/build/genericSTM32F103C8/src/lib/cmsis_boot/system_stm32f10x.o
LOAD .pio/build/genericSTM32F103C8/src/lib/stm_lib/src/misc.o
LOAD .pio/build/genericSTM32F103C8/src/lib/stm_lib/src/stm32f10x_exti.o
LOAD .pio/build/genericSTM32F103C8/src/lib/stm_lib/src/stm32f10x_flash.o
LOAD .pio/build/genericSTM32F103C8/src/lib/stm_lib/src/stm32f10x_gpio.o
LOAD .pio/build/genericSTM32F103C8/src/lib/stm_lib/src/stm32f10x_rcc.o
LOAD .pio/build/genericSTM32F103C8/src/lib/stm_lib/src/stm32f10x_tim.o
LOAD .pio/build/genericSTM32F103C8/src/lib/stm_lib/src/stm32f10x_usart.o
LOAD .pio/build/genericSTM32F103C8/src/lib/stm_usb_fs_lib/src/usb_core.o
LOAD .pio/build/genericSTM32F103C8/src/lib/stm_usb_fs_lib/src/usb_init.o
LOAD .pio/build/genericSTM32F103C8/src/lib/stm_usb_fs_lib/src/usb_int.o
LOAD .pio/build/genericSTM32F103C8/src/lib/stm_usb_fs_lib/src/usb_mem.o
LOAD .pio/build/genericSTM32F103C8/src/lib/stm_usb_fs_lib/src/usb_regs.o
LOAD .pio/build/genericSTM32F103C8/src/lib/stm_usb_fs_lib/src/usb_sil.o
LOAD .pio/build/genericSTM32F103C8/src/lib/usb/hw_config.o
LOAD .pio/build/genericSTM32F103C8/src/lib/usb/usb_desc.o
LOAD .pio/build/genericSTM32F103C8/src/lib/usb/usb_endp.o
LOAD .pio/build/genericSTM32F103C8/src/lib/usb/usb_istr.o
LOAD .pio/build/genericSTM32F103C8/src/lib/usb/usb_prop.o
LOAD .pio/build/genericSTM32F103C8/src/lib/usb/usb_pwr.o
LOAD .pio/build/genericSTM32F103C8/src/lib/util/stm32f10x_it.o
LOAD .pio/build/genericSTM32F103C8/src/src/coolant_control.o
LOAD .pio/build/genericSTM32F103C8/src/src/eeprom.o
LOAD .pio/build/genericSTM32F103C8/src/src/gcode.o
LOAD .pio/build/genericSTM32F103C8/src/src/jog.o
LOAD .pio/build/genericSTM32F103C8/src/src/limits.o
LOAD .pio/build/genericSTM32F103C8/src/src/main.o
LOAD .pio/build/genericSTM32F103C8/src/src/motion_control.o
LOAD .pio/build/genericSTM32F103C8/src/src/nuts_bolts.o
LOAD .pio/build/genericSTM32F103C8/src/src/planner.o
LOAD .pio/build/genericSTM32F103C8/src/src/print.o
LOAD .pio/build/genericSTM32F103C8/src/src/probe.o
LOAD .pio/build/genericSTM32F103C8/src/src/protocol.o
LOAD .pio/build/genericSTM32F103C8/src/src/report.o
LOAD .pio/build/genericSTM32F103C8/src/src/serial.o
LOAD .pio/build/genericSTM32F103C8/src/src/settings.o
LOAD .pio/build/genericSTM32F103C8/src/src/spindle_control.o
LOAD .pio/build/genericSTM32F103C8/src/src/stepper.o
LOAD .pio/build/genericSTM32F103C8/src/src/system.o
START GROUP
LOAD /Users/shizacat/.platformio/packages/toolchain-gccarmnoneeabi@1.70201.0/bin/../lib/gcc/arm-none-eabi/7.2.1/../../../../arm-none-eabi/lib/thumb/v7-m/libc.a
LOAD /Users/shizacat/.platformio/packages/toolchain-gccarmnoneeabi@1.70201.0/bin/../lib/gcc/arm-none-eabi/7.2.1/thumb/v7-m/libgcc.a
LOAD /Users/shizacat/.platformio/packages/toolchain-gccarmnoneeabi@1.70201.0/bin/../lib/gcc/arm-none-eabi/7.2.1/../../../../arm-none-eabi/lib/thumb/v7-m/libm.a
LOAD /Users/shizacat/.platformio/packages/toolchain-gccarmnoneeabi@1.70201.0/bin/../lib/gcc/arm-none-eabi/7.2.1/../../../../arm-none-eabi/lib/thumb/v7-m/libstdc++.a
LOAD /Users/shizacat/.platformio/packages/toolchain-gccarmnoneeabi@1.70201.0/bin/../lib/gcc/arm-none-eabi/7.2.1/../../../../arm-none-eabi/lib/thumb/v7-m/libnosys.a
LOAD .pio/build/genericSTM32F103C8/libFrameworkCMSISVariant.a
LOAD .pio/build/genericSTM32F103C8/libFrameworkCMSISCommon.a
END GROUP
                0x0000000020005000                _estack = 0x20005000
                0x0000000000000200                _Min_Heap_Size = 0x200
                0x0000000000000400                _Min_Stack_Size = 0x400

.isr_vector     0x0000000008000000      0x10c
                0x0000000008000000                . = ALIGN (0x4)
 *(.isr_vector)
 .isr_vector    0x0000000008000000      0x10c .pio/build/genericSTM32F103C8/src/lib/cmsis_boot/startup/startup_stm32f10x_md.o
                0x0000000008000000                g_pfnVectors
                0x000000000800010c                . = ALIGN (0x4)

.text           0x0000000008000110     0x8b08
                0x0000000008000110                . = ALIGN (0x4)
 *(.text)
 .text          0x0000000008000110      0x378 /Users/shizacat/.platformio/packages/toolchain-gccarmnoneeabi@1.70201.0/bin/../lib/gcc/arm-none-eabi/7.2.1/thumb/v7-m/libgcc.a(_arm_addsubdf3.o)
                0x0000000008000110                __aeabi_drsub
                0x0000000008000118                __subdf3
                0x0000000008000118                __aeabi_dsub
                0x000000000800011c                __aeabi_dadd
                0x000000000800011c                __adddf3
                0x0000000008000394                __aeabi_ui2d
                0x0000000008000394                __floatunsidf
                0x00000000080003b4                __floatsidf
                0x00000000080003b4                __aeabi_i2d
                0x00000000080003d8                __extendsfdf2
                0x00000000080003d8                __aeabi_f2d
                0x000000000800041c                __aeabi_ul2d
                0x000000000800041c                __floatundidf
                0x000000000800042c                __aeabi_l2d
                0x000000000800042c                __floatdidf
 .text          0x0000000008000488      0x110 /Users/shizacat/.platformio/packages/toolchain-gccarmnoneeabi@1.70201.0/bin/../lib/gcc/arm-none-eabi/7.2.1/thumb/v7-m/libgcc.a(_arm_cmpdf2.o)
                0x0000000008000488                __gedf2
                0x0000000008000488                __gtdf2
                0x0000000008000490                __ledf2
                0x0000000008000490                __ltdf2
                0x0000000008000498                __cmpdf2
                0x0000000008000498                __eqdf2
                0x0000000008000498                __nedf2
                0x0000000008000514                __aeabi_cdrcmple
                0x0000000008000524                __aeabi_cdcmple
                0x0000000008000524                __aeabi_cdcmpeq
                0x0000000008000534                __aeabi_dcmpeq
                0x0000000008000548                __aeabi_dcmplt
                0x000000000800055c                __aeabi_dcmple
                0x0000000008000570                __aeabi_dcmpge
                0x0000000008000584                __aeabi_dcmpgt
 .text          0x0000000008000598       0xa0 /Users/shizacat/.platformio/packages/toolchain-gccarmnoneeabi@1.70201.0/bin/../lib/gcc/arm-none-eabi/7.2.1/thumb/v7-m/libgcc.a(_arm_truncdfsf2.o)
                0x0000000008000598                __aeabi_d2f
                0x0000000008000598                __truncdfsf2
 .text          0x0000000008000638      0x21c /Users/shizacat/.platformio/packages/toolchain-gccarmnoneeabi@1.70201.0/bin/../lib/gcc/arm-none-eabi/7.2.1/thumb/v7-m/libgcc.a(_arm_addsubsf3.o)
                0x0000000008000638                __aeabi_frsub
                0x0000000008000640                __aeabi_fsub
                0x0000000008000640                __subsf3
                0x0000000008000644                __aeabi_fadd
                0x0000000008000644                __addsf3
                0x00000000080007a4                __aeabi_ui2f
                0x00000000080007a4                __floatunsisf
                0x00000000080007ac                __floatsisf
                0x00000000080007ac                __aeabi_i2f
                0x00000000080007c8                __aeabi_ul2f
                0x00000000080007c8                __floatundisf
                0x00000000080007d8                __aeabi_l2f
                0x00000000080007d8                __floatdisf
 .text          0x0000000008000854      0x2a0 /Users/shizacat/.platformio/packages/toolchain-gccarmnoneeabi@1.70201.0/bin/../lib/gcc/arm-none-eabi/7.2.1/thumb/v7-m/libgcc.a(_arm_muldivsf3.o)
                0x0000000008000854                __mulsf3
                0x0000000008000854                __aeabi_fmul
                0x00000000080009bc                __divsf3
                0x00000000080009bc                __aeabi_fdiv
 .text          0x0000000008000af4       0xec /Users/shizacat/.platformio/packages/toolchain-gccarmnoneeabi@1.70201.0/bin/../lib/gcc/arm-none-eabi/7.2.1/thumb/v7-m/libgcc.a(_arm_cmpsf2.o)
                0x0000000008000af4                __gesf2
                0x0000000008000af4                __gtsf2
                0x0000000008000afc                __ltsf2
                0x0000000008000afc                __lesf2
                0x0000000008000b04                __nesf2
                0x0000000008000b04                __eqsf2
                0x0000000008000b04                __cmpsf2
                0x0000000008000b64                __aeabi_cfrcmple
                0x0000000008000b6c                __aeabi_cfcmpeq
                0x0000000008000b6c                __aeabi_cfcmple
                0x0000000008000b7c                __aeabi_fcmpeq
                0x0000000008000b90                __aeabi_fcmplt
                0x0000000008000ba4                __aeabi_fcmple
                0x0000000008000bb8                __aeabi_fcmpge
                0x0000000008000bcc                __aeabi_fcmpgt
 .text          0x0000000008000be0       0x4c /Users/shizacat/.platformio/packages/toolchain-gccarmnoneeabi@1.70201.0/bin/../lib/gcc/arm-none-eabi/7.2.1/thumb/v7-m/libgcc.a(_arm_fixsfsi.o)
                0x0000000008000be0                __fixsfsi
                0x0000000008000be0                __aeabi_f2iz
 .text          0x0000000008000c2c       0x40 /Users/shizacat/.platformio/packages/toolchain-gccarmnoneeabi@1.70201.0/bin/../lib/gcc/arm-none-eabi/7.2.1/thumb/v7-m/libgcc.a(_arm_fixunssfsi.o)
                0x0000000008000c2c                __aeabi_f2uiz
                0x0000000008000c2c                __fixunssfsi
 .text          0x0000000008000c6c      0x424 /Users/shizacat/.platformio/packages/toolchain-gccarmnoneeabi@1.70201.0/bin/../lib/gcc/arm-none-eabi/7.2.1/thumb/v7-m/libgcc.a(_arm_muldivdf3.o)
                0x0000000008000c6c                __aeabi_dmul
                0x0000000008000c6c                __muldf3
                0x0000000008000ec0                __aeabi_ddiv
                0x0000000008000ec0                __divdf3
 .text          0x0000000008001090       0x2c /Users/shizacat/.platformio/packages/toolchain-gccarmnoneeabi@1.70201.0/bin/../lib/gcc/arm-none-eabi/7.2.1/thumb/v7-m/libgcc.a(_arm_unordsf2.o)
                0x0000000008001090                __aeabi_fcmpun
                0x0000000008001090                __unordsf2
 *(.text*)
 .text.Default_Handler
                0x00000000080010bc        0x2 .pio/build/genericSTM32F103C8/src/lib/cmsis_boot/startup/startup_stm32f10x_md.o
                0x00000000080010bc                USBWakeUp_IRQHandler
                0x00000000080010bc                TIM1_CC_IRQHandler
                0x00000000080010bc                SysTick_Handler
                0x00000000080010bc                PVD_IRQHandler
                0x00000000080010bc                EXTI3_IRQHandler
                0x00000000080010bc                EXTI0_IRQHandler
                0x00000000080010bc                I2C2_EV_IRQHandler
                0x00000000080010bc                ADC1_2_IRQHandler
                0x00000000080010bc                SPI1_IRQHandler
                0x00000000080010bc                TAMPER_IRQHandler
                0x00000000080010bc                DMA1_Channel4_IRQHandler
                0x00000000080010bc                USART3_IRQHandler
                0x00000000080010bc                RTC_IRQHandler
                0x00000000080010bc                DMA1_Channel7_IRQHandler
                0x00000000080010bc                CAN1_RX1_IRQHandler
                0x00000000080010bc                TIM4_IRQHandler
                0x00000000080010bc                I2C1_EV_IRQHandler
                0x00000000080010bc                DMA1_Channel6_IRQHandler
                0x00000000080010bc                RCC_IRQHandler
                0x00000000080010bc                TIM1_TRG_COM_IRQHandler
                0x00000000080010bc                DMA1_Channel1_IRQHandler
                0x00000000080010bc                SPI2_IRQHandler
                0x00000000080010bc                DMA1_Channel5_IRQHandler
                0x00000000080010bc                EXTI4_IRQHandler
                0x00000000080010bc                USB_HP_CAN1_TX_IRQHandler
                0x00000000080010bc                DMA1_Channel3_IRQHandler
                0x00000000080010bc                TIM1_UP_IRQHandler
                0x00000000080010bc                WWDG_IRQHandler
                0x00000000080010bc                TIM1_BRK_IRQHandler
                0x00000000080010bc                EXTI1_IRQHandler
                0x00000000080010bc                RTCAlarm_IRQHandler
                0x00000000080010bc                USART2_IRQHandler
                0x00000000080010bc                I2C2_ER_IRQHandler
                0x00000000080010bc                DMA1_Channel2_IRQHandler
                0x00000000080010bc                CAN1_SCE_IRQHandler
                0x00000000080010bc                FLASH_IRQHandler
                0x00000000080010bc                USART1_IRQHandler
                0x00000000080010bc                I2C1_ER_IRQHandler
                0x00000000080010bc                EXTI2_IRQHandler
 *fill*         0x00000000080010be        0x2 
 .text.Default_Reset_Handler
                0x00000000080010c0       0x48 .pio/build/genericSTM32F103C8/src/lib/cmsis_boot/startup/startup_stm32f10x_md.o
                0x00000000080010c0                Reset_Handler
                0x00000000080010c0                Default_Reset_Handler
 .text.SystemInit
                0x0000000008001108       0xf0 .pio/build/genericSTM32F103C8/src/lib/cmsis_boot/system_stm32f10x.o
                0x0000000008001108                SystemInit
 .text.NVIC_PriorityGroupConfig
                0x00000000080011f8       0x14 .pio/build/genericSTM32F103C8/src/lib/stm_lib/src/misc.o
                0x00000000080011f8                NVIC_PriorityGroupConfig
 .text.NVIC_Init
                0x000000000800120c       0x58 .pio/build/genericSTM32F103C8/src/lib/stm_lib/src/misc.o
                0x000000000800120c                NVIC_Init
 .text.EXTI_Init
                0x0000000008001264       0x68 .pio/build/genericSTM32F103C8/src/lib/stm_lib/src/stm32f10x_exti.o
                0x0000000008001264                EXTI_Init
 .text.EXTI_GetITStatus
                0x00000000080012cc       0x1c .pio/build/genericSTM32F103C8/src/lib/stm_lib/src/stm32f10x_exti.o
                0x00000000080012cc                EXTI_GetITStatus
 .text.EXTI_ClearITPendingBit
                0x00000000080012e8        0xc .pio/build/genericSTM32F103C8/src/lib/stm_lib/src/stm32f10x_exti.o
                0x00000000080012e8                EXTI_ClearITPendingBit
 .text.FLASH_Unlock
                0x00000000080012f4       0x18 .pio/build/genericSTM32F103C8/src/lib/stm_lib/src/stm32f10x_flash.o
                0x00000000080012f4                FLASH_Unlock
 .text.FLASH_GetBank1Status
                0x000000000800130c       0x28 .pio/build/genericSTM32F103C8/src/lib/stm_lib/src/stm32f10x_flash.o
                0x000000000800130c                FLASH_GetBank1Status
 .text.FLASH_WaitForLastOperation
                0x0000000008001334       0x22 .pio/build/genericSTM32F103C8/src/lib/stm_lib/src/stm32f10x_flash.o
                0x0000000008001334                FLASH_WaitForLastOperation
 *fill*         0x0000000008001356        0x2 
 .text.FLASH_ErasePage
                0x0000000008001358       0x40 .pio/build/genericSTM32F103C8/src/lib/stm_lib/src/stm32f10x_flash.o
                0x0000000008001358                FLASH_ErasePage
 .text.FLASH_ProgramHalfWord
                0x0000000008001398       0x38 .pio/build/genericSTM32F103C8/src/lib/stm_lib/src/stm32f10x_flash.o
                0x0000000008001398                FLASH_ProgramHalfWord
 .text.GPIO_Init
                0x00000000080013d0       0xa6 .pio/build/genericSTM32F103C8/src/lib/stm_lib/src/stm32f10x_gpio.o
                0x00000000080013d0                GPIO_Init
 .text.GPIO_ReadInputData
                0x0000000008001476        0x6 .pio/build/genericSTM32F103C8/src/lib/stm_lib/src/stm32f10x_gpio.o
                0x0000000008001476                GPIO_ReadInputData
 .text.GPIO_ReadOutputData
                0x000000000800147c        0x6 .pio/build/genericSTM32F103C8/src/lib/stm_lib/src/stm32f10x_gpio.o
                0x000000000800147c                GPIO_ReadOutputData
 .text.GPIO_SetBits
                0x0000000008001482        0x4 .pio/build/genericSTM32F103C8/src/lib/stm_lib/src/stm32f10x_gpio.o
                0x0000000008001482                GPIO_SetBits
 .text.GPIO_ResetBits
                0x0000000008001486        0x4 .pio/build/genericSTM32F103C8/src/lib/stm_lib/src/stm32f10x_gpio.o
                0x0000000008001486                GPIO_ResetBits
 .text.GPIO_WriteBit
                0x000000000800148a        0xa .pio/build/genericSTM32F103C8/src/lib/stm_lib/src/stm32f10x_gpio.o
                0x000000000800148a                GPIO_WriteBit
 .text.GPIO_Write
                0x0000000008001494        0x4 .pio/build/genericSTM32F103C8/src/lib/stm_lib/src/stm32f10x_gpio.o
                0x0000000008001494                GPIO_Write
 .text.GPIO_PinRemapConfig
                0x0000000008001498       0x60 .pio/build/genericSTM32F103C8/src/lib/stm_lib/src/stm32f10x_gpio.o
                0x0000000008001498                GPIO_PinRemapConfig
 .text.GPIO_EXTILineConfig
                0x00000000080014f8       0x2a .pio/build/genericSTM32F103C8/src/lib/stm_lib/src/stm32f10x_gpio.o
                0x00000000080014f8                GPIO_EXTILineConfig
 *fill*         0x0000000008001522        0x2 
 .text.RCC_USBCLKConfig
                0x0000000008001524        0xc .pio/build/genericSTM32F103C8/src/lib/stm_lib/src/stm32f10x_rcc.o
                0x0000000008001524                RCC_USBCLKConfig
 .text.RCC_APB2PeriphClockCmd
                0x0000000008001530       0x18 .pio/build/genericSTM32F103C8/src/lib/stm_lib/src/stm32f10x_rcc.o
                0x0000000008001530                RCC_APB2PeriphClockCmd
 .text.RCC_APB1PeriphClockCmd
                0x0000000008001548       0x18 .pio/build/genericSTM32F103C8/src/lib/stm_lib/src/stm32f10x_rcc.o
                0x0000000008001548                RCC_APB1PeriphClockCmd
 .text.TIM_TimeBaseInit
                0x0000000008001560       0x94 .pio/build/genericSTM32F103C8/src/lib/stm_lib/src/stm32f10x_tim.o
                0x0000000008001560                TIM_TimeBaseInit
 .text.TIM_OC1Init
                0x00000000080015f4       0x84 .pio/build/genericSTM32F103C8/src/lib/stm_lib/src/stm32f10x_tim.o
                0x00000000080015f4                TIM_OC1Init
 .text.TIM_TimeBaseStructInit
                0x0000000008001678       0x12 .pio/build/genericSTM32F103C8/src/lib/stm_lib/src/stm32f10x_tim.o
                0x0000000008001678                TIM_TimeBaseStructInit
 .text.TIM_Cmd  0x000000000800168a       0x16 .pio/build/genericSTM32F103C8/src/lib/stm_lib/src/stm32f10x_tim.o
                0x000000000800168a                TIM_Cmd
 .text.TIM_CtrlPWMOutputs
                0x00000000080016a0       0x16 .pio/build/genericSTM32F103C8/src/lib/stm_lib/src/stm32f10x_tim.o
                0x00000000080016a0                TIM_CtrlPWMOutputs
 .text.TIM_ITConfig
                0x00000000080016b6       0x10 .pio/build/genericSTM32F103C8/src/lib/stm_lib/src/stm32f10x_tim.o
                0x00000000080016b6                TIM_ITConfig
 .text.TIM_OC1PreloadConfig
                0x00000000080016c6       0x10 .pio/build/genericSTM32F103C8/src/lib/stm_lib/src/stm32f10x_tim.o
                0x00000000080016c6                TIM_OC1PreloadConfig
 .text.TIM_ClearITPendingBit
                0x00000000080016d6        0x8 .pio/build/genericSTM32F103C8/src/lib/stm_lib/src/stm32f10x_tim.o
                0x00000000080016d6                TIM_ClearITPendingBit
 *fill*         0x00000000080016de        0x2 
 .text.Standard_GetConfiguration
                0x00000000080016e0       0x24 .pio/build/genericSTM32F103C8/src/lib/stm_usb_fs_lib/src/usb_core.o
                0x00000000080016e0                Standard_GetConfiguration
 .text.Standard_GetInterface
                0x0000000008001704       0x24 .pio/build/genericSTM32F103C8/src/lib/stm_usb_fs_lib/src/usb_core.o
                0x0000000008001704                Standard_GetInterface
 .text.Standard_GetStatus
                0x0000000008001728       0x88 .pio/build/genericSTM32F103C8/src/lib/stm_usb_fs_lib/src/usb_core.o
                0x0000000008001728                Standard_GetStatus
 .text.DataStageIn
                0x00000000080017b0       0xac .pio/build/genericSTM32F103C8/src/lib/stm_usb_fs_lib/src/usb_core.o
 .text.Standard_SetConfiguration
                0x000000000800185c       0x38 .pio/build/genericSTM32F103C8/src/lib/stm_usb_fs_lib/src/usb_core.o
                0x000000000800185c                Standard_SetConfiguration
 .text.Standard_SetInterface
                0x0000000008001894       0x4c .pio/build/genericSTM32F103C8/src/lib/stm_usb_fs_lib/src/usb_core.o
                0x0000000008001894                Standard_SetInterface
 .text.Standard_ClearFeature
                0x00000000080018e0       0xcc .pio/build/genericSTM32F103C8/src/lib/stm_usb_fs_lib/src/usb_core.o
                0x00000000080018e0                Standard_ClearFeature
 .text.Standard_SetEndPointFeature
                0x00000000080019ac       0x84 .pio/build/genericSTM32F103C8/src/lib/stm_usb_fs_lib/src/usb_core.o
                0x00000000080019ac                Standard_SetEndPointFeature
 .text.Standard_SetDeviceFeature
                0x0000000008001a30       0x24 .pio/build/genericSTM32F103C8/src/lib/stm_usb_fs_lib/src/usb_core.o
                0x0000000008001a30                Standard_SetDeviceFeature
 .text.Standard_GetDescriptorData
                0x0000000008001a54       0x1c .pio/build/genericSTM32F103C8/src/lib/stm_usb_fs_lib/src/usb_core.o
                0x0000000008001a54                Standard_GetDescriptorData
 .text.Post0_Process
                0x0000000008001a70       0x40 .pio/build/genericSTM32F103C8/src/lib/stm_usb_fs_lib/src/usb_core.o
                0x0000000008001a70                Post0_Process
 .text.Setup0_Process
                0x0000000008001ab0      0x2c4 .pio/build/genericSTM32F103C8/src/lib/stm_usb_fs_lib/src/usb_core.o
                0x0000000008001ab0                Setup0_Process
 .text.Out0_Process
                0x0000000008001d74       0xc8 .pio/build/genericSTM32F103C8/src/lib/stm_usb_fs_lib/src/usb_core.o
                0x0000000008001d74                Out0_Process
 .text.SetDeviceAddress
                0x0000000008001e3c       0x40 .pio/build/genericSTM32F103C8/src/lib/stm_usb_fs_lib/src/usb_core.o
                0x0000000008001e3c                SetDeviceAddress
 .text.In0_Process
                0x0000000008001e7c       0x5c .pio/build/genericSTM32F103C8/src/lib/stm_usb_fs_lib/src/usb_core.o
                0x0000000008001e7c                In0_Process
 .text.NOP_Process
                0x0000000008001ed8        0x2 .pio/build/genericSTM32F103C8/src/lib/stm_usb_fs_lib/src/usb_core.o
                0x0000000008001ed8                NOP_Process
 *fill*         0x0000000008001eda        0x2 
 .text.USB_Init
                0x0000000008001edc       0x34 .pio/build/genericSTM32F103C8/src/lib/stm_usb_fs_lib/src/usb_init.o
                0x0000000008001edc                USB_Init
 .text.CTR_LP   0x0000000008001f10      0x180 .pio/build/genericSTM32F103C8/src/lib/stm_usb_fs_lib/src/usb_int.o
                0x0000000008001f10                CTR_LP
 .text.UserToPMABufferCopy
                0x0000000008002090       0x1e .pio/build/genericSTM32F103C8/src/lib/stm_usb_fs_lib/src/usb_mem.o
                0x0000000008002090                UserToPMABufferCopy
 .text.PMAToUserBufferCopy
                0x00000000080020ae       0x24 .pio/build/genericSTM32F103C8/src/lib/stm_usb_fs_lib/src/usb_mem.o
                0x00000000080020ae                PMAToUserBufferCopy
 *fill*         0x00000000080020d2        0x2 
 .text.SetBTABLE
                0x00000000080020d4       0x10 .pio/build/genericSTM32F103C8/src/lib/stm_usb_fs_lib/src/usb_regs.o
                0x00000000080020d4                SetBTABLE
 .text.SetEPType
                0x00000000080020e4       0x1c .pio/build/genericSTM32F103C8/src/lib/stm_usb_fs_lib/src/usb_regs.o
                0x00000000080020e4                SetEPType
 .text.SetEPTxStatus
                0x0000000008002100       0x32 .pio/build/genericSTM32F103C8/src/lib/stm_usb_fs_lib/src/usb_regs.o
                0x0000000008002100                SetEPTxStatus
 .text.SetEPRxStatus
                0x0000000008002132       0x32 .pio/build/genericSTM32F103C8/src/lib/stm_usb_fs_lib/src/usb_regs.o
                0x0000000008002132                SetEPRxStatus
 .text.SetEPTxValid
                0x0000000008002164       0x26 .pio/build/genericSTM32F103C8/src/lib/stm_usb_fs_lib/src/usb_regs.o
                0x0000000008002164                SetEPTxValid
 .text.SetEPRxValid
                0x000000000800218a       0x26 .pio/build/genericSTM32F103C8/src/lib/stm_usb_fs_lib/src/usb_regs.o
                0x000000000800218a                SetEPRxValid
 .text.ClearEP_KIND
                0x00000000080021b0       0x20 .pio/build/genericSTM32F103C8/src/lib/stm_usb_fs_lib/src/usb_regs.o
                0x00000000080021b0                ClearEP_KIND
 .text.Clear_Status_Out
                0x00000000080021d0        0x4 .pio/build/genericSTM32F103C8/src/lib/stm_usb_fs_lib/src/usb_regs.o
                0x00000000080021d0                Clear_Status_Out
 .text.ClearDTOG_RX
                0x00000000080021d4       0x26 .pio/build/genericSTM32F103C8/src/lib/stm_usb_fs_lib/src/usb_regs.o
                0x00000000080021d4                ClearDTOG_RX
 .text.ClearDTOG_TX
                0x00000000080021fa       0x26 .pio/build/genericSTM32F103C8/src/lib/stm_usb_fs_lib/src/usb_regs.o
                0x00000000080021fa                ClearDTOG_TX
 .text.SetEPTxAddr
                0x0000000008002220       0x20 .pio/build/genericSTM32F103C8/src/lib/stm_usb_fs_lib/src/usb_regs.o
                0x0000000008002220                SetEPTxAddr
 .text.SetEPRxAddr
                0x0000000008002240       0x20 .pio/build/genericSTM32F103C8/src/lib/stm_usb_fs_lib/src/usb_regs.o
                0x0000000008002240                SetEPRxAddr
 .text.GetEPTxAddr
                0x0000000008002260       0x1c .pio/build/genericSTM32F103C8/src/lib/stm_usb_fs_lib/src/usb_regs.o
                0x0000000008002260                GetEPTxAddr
 .text.GetEPRxAddr
                0x000000000800227c       0x1c .pio/build/genericSTM32F103C8/src/lib/stm_usb_fs_lib/src/usb_regs.o
                0x000000000800227c                GetEPRxAddr
 .text.SetEPTxCount
                0x0000000008002298       0x1c .pio/build/genericSTM32F103C8/src/lib/stm_usb_fs_lib/src/usb_regs.o
                0x0000000008002298                SetEPTxCount
 .text.SetEPRxCount
                0x00000000080022b4       0x40 .pio/build/genericSTM32F103C8/src/lib/stm_usb_fs_lib/src/usb_regs.o
                0x00000000080022b4                SetEPRxCount
 .text.GetEPRxCount
                0x00000000080022f4       0x20 .pio/build/genericSTM32F103C8/src/lib/stm_usb_fs_lib/src/usb_regs.o
                0x00000000080022f4                GetEPRxCount
 .text.ByteSwap
                0x0000000008002314        0xa .pio/build/genericSTM32F103C8/src/lib/stm_usb_fs_lib/src/usb_regs.o
                0x0000000008002314                ByteSwap
 *fill*         0x000000000800231e        0x2 
 .text.USB_SIL_Init
                0x0000000008002320       0x20 .pio/build/genericSTM32F103C8/src/lib/stm_usb_fs_lib/src/usb_sil.o
                0x0000000008002320                USB_SIL_Init
 .text.USB_SIL_Read
                0x0000000008002340       0x24 .pio/build/genericSTM32F103C8/src/lib/stm_usb_fs_lib/src/usb_sil.o
                0x0000000008002340                USB_SIL_Read
 .text.IntToUnicode
                0x0000000008002364       0x2a .pio/build/genericSTM32F103C8/src/lib/usb/hw_config.o
 .text.Set_USBClock
                0x000000000800238e       0x16 .pio/build/genericSTM32F103C8/src/lib/usb/hw_config.o
                0x000000000800238e                Set_USBClock
 .text.USB_Interrupts_Config
                0x00000000080023a4       0x2a .pio/build/genericSTM32F103C8/src/lib/usb/hw_config.o
                0x00000000080023a4                USB_Interrupts_Config
 .text.USB_Cable_Config
                0x00000000080023ce        0x2 .pio/build/genericSTM32F103C8/src/lib/usb/hw_config.o
                0x00000000080023ce                USB_Cable_Config
 .text.Get_SerialNum
                0x00000000080023d0       0x34 .pio/build/genericSTM32F103C8/src/lib/usb/hw_config.o
                0x00000000080023d0                Get_SerialNum
 .text.EP3_OUT_Callback
                0x0000000008002404       0x24 .pio/build/genericSTM32F103C8/src/lib/usb/usb_endp.o
                0x0000000008002404                EP3_OUT_Callback
 .text.EP1_IN_Callback
                0x0000000008002428       0xa4 .pio/build/genericSTM32F103C8/src/lib/usb/usb_endp.o
                0x0000000008002428                EP1_IN_Callback
 .text.SOF_Callback
                0x00000000080024cc       0x14 .pio/build/genericSTM32F103C8/src/lib/usb/usb_endp.o
                0x00000000080024cc                SOF_Callback
 .text.USB_Istr
                0x00000000080024e0       0x6c .pio/build/genericSTM32F103C8/src/lib/usb/usb_istr.o
                0x00000000080024e0                USB_Istr
 .text.Virtual_Com_Port_SetConfiguration
                0x000000000800254c       0x18 .pio/build/genericSTM32F103C8/src/lib/usb/usb_prop.o
                0x000000000800254c                Virtual_Com_Port_SetConfiguration
 .text.Virtual_Com_Port_SetDeviceAddress
                0x0000000008002564        0xc .pio/build/genericSTM32F103C8/src/lib/usb/usb_prop.o
                0x0000000008002564                Virtual_Com_Port_SetDeviceAddress
 .text.Virtual_Com_Port_Status_In
                0x0000000008002570       0x14 .pio/build/genericSTM32F103C8/src/lib/usb/usb_prop.o
                0x0000000008002570                Virtual_Com_Port_Status_In
 .text.Virtual_Com_Port_Status_Out
                0x0000000008002584        0x2 .pio/build/genericSTM32F103C8/src/lib/usb/usb_prop.o
                0x0000000008002584                Virtual_Com_Port_Status_Out
 *fill*         0x0000000008002586        0x2 
 .text.Virtual_Com_Port_Data_Setup
                0x0000000008002588       0x58 .pio/build/genericSTM32F103C8/src/lib/usb/usb_prop.o
                0x0000000008002588                Virtual_Com_Port_Data_Setup
 .text.Virtual_Com_Port_NoData_Setup
                0x00000000080025e0       0x24 .pio/build/genericSTM32F103C8/src/lib/usb/usb_prop.o
                0x00000000080025e0                Virtual_Com_Port_NoData_Setup
 .text.Virtual_Com_Port_Get_Interface_Setting
                0x0000000008002604       0x10 .pio/build/genericSTM32F103C8/src/lib/usb/usb_prop.o
                0x0000000008002604                Virtual_Com_Port_Get_Interface_Setting
 .text.Virtual_Com_Port_GetLineCoding
                0x0000000008002614       0x18 .pio/build/genericSTM32F103C8/src/lib/usb/usb_prop.o
                0x0000000008002614                Virtual_Com_Port_GetLineCoding
 .text.Virtual_Com_Port_SetLineCoding
                0x000000000800262c        0x4 .pio/build/genericSTM32F103C8/src/lib/usb/usb_prop.o
                0x000000000800262c                Virtual_Com_Port_SetLineCoding
 .text.Virtual_Com_Port_init
                0x0000000008002630       0x24 .pio/build/genericSTM32F103C8/src/lib/usb/usb_prop.o
                0x0000000008002630                Virtual_Com_Port_init
 .text.Virtual_Com_Port_Reset
                0x0000000008002654       0xe0 .pio/build/genericSTM32F103C8/src/lib/usb/usb_prop.o
                0x0000000008002654                Virtual_Com_Port_Reset
 .text.Virtual_Com_Port_GetDeviceDescriptor
                0x0000000008002734        0xc .pio/build/genericSTM32F103C8/src/lib/usb/usb_prop.o
                0x0000000008002734                Virtual_Com_Port_GetDeviceDescriptor
 .text.Virtual_Com_Port_GetConfigDescriptor
                0x0000000008002740        0xc .pio/build/genericSTM32F103C8/src/lib/usb/usb_prop.o
                0x0000000008002740                Virtual_Com_Port_GetConfigDescriptor
 .text.Virtual_Com_Port_GetStringDescriptor
                0x000000000800274c       0x20 .pio/build/genericSTM32F103C8/src/lib/usb/usb_prop.o
                0x000000000800274c                Virtual_Com_Port_GetStringDescriptor
 .text.PowerOn  0x000000000800276c       0x30 .pio/build/genericSTM32F103C8/src/lib/usb/usb_pwr.o
                0x000000000800276c                PowerOn
 .text.NMI_Handler
                0x000000000800279c        0x2 .pio/build/genericSTM32F103C8/src/lib/util/stm32f10x_it.o
                0x000000000800279c                NMI_Handler
 .text.HardFault_Handler
                0x000000000800279e        0x2 .pio/build/genericSTM32F103C8/src/lib/util/stm32f10x_it.o
                0x000000000800279e                HardFault_Handler
 .text.MemManage_Handler
                0x00000000080027a0        0x2 .pio/build/genericSTM32F103C8/src/lib/util/stm32f10x_it.o
                0x00000000080027a0                MemManage_Handler
 .text.BusFault_Handler
                0x00000000080027a2        0x2 .pio/build/genericSTM32F103C8/src/lib/util/stm32f10x_it.o
                0x00000000080027a2                BusFault_Handler
 .text.UsageFault_Handler
                0x00000000080027a4        0x2 .pio/build/genericSTM32F103C8/src/lib/util/stm32f10x_it.o
                0x00000000080027a4                UsageFault_Handler
 .text.SVC_Handler
                0x00000000080027a6        0x2 .pio/build/genericSTM32F103C8/src/lib/util/stm32f10x_it.o
                0x00000000080027a6                SVC_Handler
 .text.DebugMon_Handler
                0x00000000080027a8        0x2 .pio/build/genericSTM32F103C8/src/lib/util/stm32f10x_it.o
                0x00000000080027a8                DebugMon_Handler
 .text.PendSV_Handler
                0x00000000080027aa        0x2 .pio/build/genericSTM32F103C8/src/lib/util/stm32f10x_it.o
                0x00000000080027aa                PendSV_Handler
 .text.USB_LP_CAN1_RX0_IRQHandler
                0x00000000080027ac        0x4 .pio/build/genericSTM32F103C8/src/lib/util/stm32f10x_it.o
                0x00000000080027ac                USB_LP_CAN1_RX0_IRQHandler
 .text.coolant_get_state
                0x00000000080027b0       0x14 .pio/build/genericSTM32F103C8/src/src/coolant_control.o
                0x00000000080027b0                coolant_get_state
 .text.coolant_stop
                0x00000000080027c4        0xc .pio/build/genericSTM32F103C8/src/src/coolant_control.o
                0x00000000080027c4                coolant_stop
 .text.coolant_init
                0x00000000080027d0       0x58 .pio/build/genericSTM32F103C8/src/src/coolant_control.o
                0x00000000080027d0                coolant_init
 .text.coolant_set_state
                0x0000000008002828       0x2c .pio/build/genericSTM32F103C8/src/src/coolant_control.o
                0x0000000008002828                coolant_set_state
 .text.coolant_sync
                0x0000000008002854       0x20 .pio/build/genericSTM32F103C8/src/src/coolant_control.o
                0x0000000008002854                coolant_sync
 .text.eeprom_flush
                0x0000000008002874       0x5c .pio/build/genericSTM32F103C8/src/src/eeprom.o
                0x0000000008002874                eeprom_flush
 .text.eeprom_init
                0x00000000080028d0       0x40 .pio/build/genericSTM32F103C8/src/src/eeprom.o
                0x00000000080028d0                eeprom_init
 .text.eeprom_get_char
                0x0000000008002910        0xc .pio/build/genericSTM32F103C8/src/src/eeprom.o
                0x0000000008002910                eeprom_get_char
 .text.eeprom_put_char
                0x000000000800291c        0xc .pio/build/genericSTM32F103C8/src/src/eeprom.o
                0x000000000800291c                eeprom_put_char
 .text.memcpy_to_eeprom_with_checksum
                0x0000000008002928       0x30 .pio/build/genericSTM32F103C8/src/src/eeprom.o
                0x0000000008002928                memcpy_to_eeprom_with_checksum
 .text.memcpy_from_eeprom_with_checksum
                0x0000000008002958       0x30 .pio/build/genericSTM32F103C8/src/src/eeprom.o
                0x0000000008002958                memcpy_from_eeprom_with_checksum
 .text.gc_init  0x0000000008002988       0x2c .pio/build/genericSTM32F103C8/src/src/gcode.o
                0x0000000008002988                gc_init
 .text.gc_sync_position
                0x00000000080029b4       0x10 .pio/build/genericSTM32F103C8/src/src/gcode.o
                0x00000000080029b4                gc_sync_position
 .text.gc_execute_line
                0x00000000080029c4      0xec8 .pio/build/genericSTM32F103C8/src/src/gcode.o
                0x00000000080029c4                gc_execute_line
 .text.jog_execute
                0x000000000800388c       0x5c .pio/build/genericSTM32F103C8/src/src/jog.o
                0x000000000800388c                jog_execute
 .text.limits_init
                0x00000000080038e8       0x98 .pio/build/genericSTM32F103C8/src/src/limits.o
                0x00000000080038e8                limits_init
 .text.limits_disable
                0x0000000008003980       0x10 .pio/build/genericSTM32F103C8/src/src/limits.o
                0x0000000008003980                limits_disable
 .text.limits_get_state
                0x0000000008003990       0x50 .pio/build/genericSTM32F103C8/src/src/limits.o
                0x0000000008003990                limits_get_state
 .text.EXTI15_10_IRQHandler
                0x00000000080039e0       0x6c .pio/build/genericSTM32F103C8/src/src/limits.o
                0x00000000080039e0                EXTI15_10_IRQHandler
 .text.limits_go_home
                0x0000000008003a4c      0x224 .pio/build/genericSTM32F103C8/src/src/limits.o
                0x0000000008003a4c                limits_go_home
 .text.limits_soft_check
                0x0000000008003c70       0x40 .pio/build/genericSTM32F103C8/src/src/limits.o
                0x0000000008003c70                limits_soft_check
 .text.startup.main
                0x0000000008003cb0      0x118 .pio/build/genericSTM32F103C8/src/src/main.o
                0x0000000008003cb0                main
 .text._delay_ms
                0x0000000008003dc8       0x28 .pio/build/genericSTM32F103C8/src/src/main.o
                0x0000000008003dc8                _delay_ms
 .text.LedBlink
                0x0000000008003df0       0x28 .pio/build/genericSTM32F103C8/src/src/main.o
                0x0000000008003df0                LedBlink
 .text.mc_line  0x0000000008003e18       0x68 .pio/build/genericSTM32F103C8/src/src/motion_control.o
                0x0000000008003e18                mc_line
 .text.mc_arc   0x0000000008003e80      0x314 .pio/build/genericSTM32F103C8/src/src/motion_control.o
                0x0000000008003e80                mc_arc
 .text.mc_dwell
                0x0000000008004194       0x24 .pio/build/genericSTM32F103C8/src/src/motion_control.o
                0x0000000008004194                mc_dwell
 .text.mc_homing_cycle
                0x00000000080041b8       0x44 .pio/build/genericSTM32F103C8/src/src/motion_control.o
                0x00000000080041b8                mc_homing_cycle
 .text.mc_probe_cycle
                0x00000000080041fc       0xc4 .pio/build/genericSTM32F103C8/src/src/motion_control.o
                0x00000000080041fc                mc_probe_cycle
 .text.mc_reset
                0x00000000080042c0       0x54 .pio/build/genericSTM32F103C8/src/src/motion_control.o
                0x00000000080042c0                mc_reset
 .text.read_float
                0x0000000008004314       0xe0 .pio/build/genericSTM32F103C8/src/src/nuts_bolts.o
                0x0000000008004314                read_float
 .text.delay_sec
                0x00000000080043f4       0x44 .pio/build/genericSTM32F103C8/src/src/nuts_bolts.o
                0x00000000080043f4                delay_sec
 .text.delay_ms
                0x0000000008004438       0x1a .pio/build/genericSTM32F103C8/src/src/nuts_bolts.o
                0x0000000008004438                delay_ms
 .text.hypot_f  0x0000000008004452       0x24 .pio/build/genericSTM32F103C8/src/src/nuts_bolts.o
                0x0000000008004452                hypot_f
 .text.convert_delta_vector_to_unit_vector
                0x0000000008004476       0x6c .pio/build/genericSTM32F103C8/src/src/nuts_bolts.o
                0x0000000008004476                convert_delta_vector_to_unit_vector
 *fill*         0x00000000080044e2        0x2 
 .text.limit_value_by_axis_maximum
                0x00000000080044e4       0x48 .pio/build/genericSTM32F103C8/src/src/nuts_bolts.o
                0x00000000080044e4                limit_value_by_axis_maximum
 .text.planner_recalculate
                0x000000000800452c      0x19c .pio/build/genericSTM32F103C8/src/src/planner.o
 .text.plan_reset_buffer
                0x00000000080046c8       0x28 .pio/build/genericSTM32F103C8/src/src/planner.o
                0x00000000080046c8                plan_reset_buffer
 .text.plan_reset
                0x00000000080046f0       0x18 .pio/build/genericSTM32F103C8/src/src/planner.o
                0x00000000080046f0                plan_reset
 .text.plan_discard_current_block
                0x0000000008004708       0x34 .pio/build/genericSTM32F103C8/src/src/planner.o
                0x0000000008004708                plan_discard_current_block
 .text.plan_get_system_motion_block
                0x000000000800473c       0x18 .pio/build/genericSTM32F103C8/src/src/planner.o
                0x000000000800473c                plan_get_system_motion_block
 .text.plan_get_current_block
                0x0000000008004754       0x24 .pio/build/genericSTM32F103C8/src/src/planner.o
                0x0000000008004754                plan_get_current_block
 .text.plan_get_exec_block_exit_speed_sqr
                0x0000000008004778       0x34 .pio/build/genericSTM32F103C8/src/src/planner.o
                0x0000000008004778                plan_get_exec_block_exit_speed_sqr
 .text.plan_check_full_buffer
                0x00000000080047ac       0x18 .pio/build/genericSTM32F103C8/src/src/planner.o
                0x00000000080047ac                plan_check_full_buffer
 .text.plan_compute_profile_nominal_speed
                0x00000000080047c4       0x70 .pio/build/genericSTM32F103C8/src/src/planner.o
                0x00000000080047c4                plan_compute_profile_nominal_speed
 .text.plan_update_velocity_profile_parameters
                0x0000000008004834       0x84 .pio/build/genericSTM32F103C8/src/src/planner.o
                0x0000000008004834                plan_update_velocity_profile_parameters
 .text.plan_buffer_line
                0x00000000080048b8      0x2c4 .pio/build/genericSTM32F103C8/src/src/planner.o
                0x00000000080048b8                plan_buffer_line
 .text.plan_sync_position
                0x0000000008004b7c       0x1c .pio/build/genericSTM32F103C8/src/src/planner.o
                0x0000000008004b7c                plan_sync_position
 .text.plan_get_block_buffer_available
                0x0000000008004b98       0x24 .pio/build/genericSTM32F103C8/src/src/planner.o
                0x0000000008004b98                plan_get_block_buffer_available
 .text.plan_cycle_reinitialize
                0x0000000008004bbc       0x20 .pio/build/genericSTM32F103C8/src/src/planner.o
                0x0000000008004bbc                plan_cycle_reinitialize
 .text.printString
                0x0000000008004bdc       0x12 .pio/build/genericSTM32F103C8/src/src/print.o
                0x0000000008004bdc                printString
 .text.print_uint8_base10
                0x0000000008004bee       0x50 .pio/build/genericSTM32F103C8/src/src/print.o
                0x0000000008004bee                print_uint8_base10
 *fill*         0x0000000008004c3e        0x2 
 .text.printFloat
                0x0000000008004c40       0xc8 .pio/build/genericSTM32F103C8/src/src/print.o
                0x0000000008004c40                printFloat
 .text.printFloat_CoordValue
                0x0000000008004d08       0x28 .pio/build/genericSTM32F103C8/src/src/print.o
                0x0000000008004d08                printFloat_CoordValue
 .text.printFloat_RateValue
                0x0000000008004d30       0x28 .pio/build/genericSTM32F103C8/src/src/print.o
                0x0000000008004d30                printFloat_RateValue
 .text.probe_init
                0x0000000008004d58       0x3c .pio/build/genericSTM32F103C8/src/src/probe.o
                0x0000000008004d58                probe_init
 .text.probe_configure_invert_mask
                0x0000000008004d94        0xc .pio/build/genericSTM32F103C8/src/src/probe.o
                0x0000000008004d94                probe_configure_invert_mask
 .text.probe_get_state
                0x0000000008004da0       0x20 .pio/build/genericSTM32F103C8/src/src/probe.o
                0x0000000008004da0                probe_get_state
 .text.probe_state_monitor
                0x0000000008004dc0       0x34 .pio/build/genericSTM32F103C8/src/src/probe.o
                0x0000000008004dc0                probe_state_monitor
 .text.protocol_auto_cycle_start
                0x0000000008004df4       0x14 .pio/build/genericSTM32F103C8/src/src/protocol.o
                0x0000000008004df4                protocol_auto_cycle_start
 .text.protocol_exec_rt_system
                0x0000000008004e08      0x34c .pio/build/genericSTM32F103C8/src/src/protocol.o
                0x0000000008004e08                protocol_exec_rt_system
 .text.protocol_execute_realtime
                0x0000000008005154      0x1a8 .pio/build/genericSTM32F103C8/src/src/protocol.o
                0x0000000008005154                protocol_execute_realtime
 .text.protocol_main_loop
                0x00000000080052fc      0x12c .pio/build/genericSTM32F103C8/src/src/protocol.o
                0x00000000080052fc                protocol_main_loop
 .text.protocol_buffer_synchronize
                0x0000000008005428       0x24 .pio/build/genericSTM32F103C8/src/src/protocol.o
                0x0000000008005428                protocol_buffer_synchronize
 .text.report_util_line_feed
                0x000000000800544c        0xc .pio/build/genericSTM32F103C8/src/src/report.o
 .text.report_util_feedback_line_feed
                0x0000000008005458       0x10 .pio/build/genericSTM32F103C8/src/src/report.o
 .text.report_util_axis_values
                0x0000000008005468       0x26 .pio/build/genericSTM32F103C8/src/src/report.o
 .text.report_util_setting_prefix
                0x000000000800548e       0x1a .pio/build/genericSTM32F103C8/src/src/report.o
                0x000000000800548e                report_util_setting_prefix
 .text.report_util_uint8_setting
                0x00000000080054a8       0x16 .pio/build/genericSTM32F103C8/src/src/report.o
 .text.report_util_float_setting
                0x00000000080054be       0x1a .pio/build/genericSTM32F103C8/src/src/report.o
 .text.report_status_message
                0x00000000080054d8       0x2c .pio/build/genericSTM32F103C8/src/src/report.o
                0x00000000080054d8                report_status_message
 .text.report_alarm_message
                0x0000000008005504       0x24 .pio/build/genericSTM32F103C8/src/src/report.o
                0x0000000008005504                report_alarm_message
 .text.report_feedback_message
                0x0000000008005528       0x88 .pio/build/genericSTM32F103C8/src/src/report.o
                0x0000000008005528                report_feedback_message
 .text.report_init_message
                0x00000000080055b0        0xc .pio/build/genericSTM32F103C8/src/src/report.o
                0x00000000080055b0                report_init_message
 .text.report_grbl_help
                0x00000000080055bc        0xc .pio/build/genericSTM32F103C8/src/src/report.o
                0x00000000080055bc                report_grbl_help
 .text.report_grbl_settings
                0x00000000080055c8      0x174 .pio/build/genericSTM32F103C8/src/src/report.o
                0x00000000080055c8                report_grbl_settings
 .text.report_probe_parameters
                0x000000000800573c       0x3c .pio/build/genericSTM32F103C8/src/src/report.o
                0x000000000800573c                report_probe_parameters
 .text.report_ngc_parameters
                0x0000000008005778       0xb4 .pio/build/genericSTM32F103C8/src/src/report.o
                0x0000000008005778                report_ngc_parameters
 .text.report_gcode_modes
                0x000000000800582c      0x120 .pio/build/genericSTM32F103C8/src/src/report.o
                0x000000000800582c                report_gcode_modes
 .text.report_startup_line
                0x000000000800594c       0x2c .pio/build/genericSTM32F103C8/src/src/report.o
                0x000000000800594c                report_startup_line
 .text.report_execute_startup_message
                0x0000000008005978       0x22 .pio/build/genericSTM32F103C8/src/src/report.o
                0x0000000008005978                report_execute_startup_message
 *fill*         0x000000000800599a        0x2 
 .text.report_build_info
                0x000000000800599c       0x48 .pio/build/genericSTM32F103C8/src/src/report.o
                0x000000000800599c                report_build_info
 .text.report_realtime_status
                0x00000000080059e4      0x2dc .pio/build/genericSTM32F103C8/src/src/report.o
                0x00000000080059e4                report_realtime_status
 .text.serial_get_rx_buffer_available
                0x0000000008005cc0       0x24 .pio/build/genericSTM32F103C8/src/src/serial.o
                0x0000000008005cc0                serial_get_rx_buffer_available
 .text.serial_init
                0x0000000008005ce4        0x2 .pio/build/genericSTM32F103C8/src/src/serial.o
                0x0000000008005ce4                serial_init
 *fill*         0x0000000008005ce6        0x2 
 .text.serial_write
                0x0000000008005ce8       0x3c .pio/build/genericSTM32F103C8/src/src/serial.o
                0x0000000008005ce8                serial_write
 .text.serial_read
                0x0000000008005d24       0x30 .pio/build/genericSTM32F103C8/src/src/serial.o
                0x0000000008005d24                serial_read
 .text.OnUsbDataRx
                0x0000000008005d54      0x140 .pio/build/genericSTM32F103C8/src/src/serial.o
                0x0000000008005d54                OnUsbDataRx
 .text.serial_reset_read_buffer
                0x0000000008005e94       0x14 .pio/build/genericSTM32F103C8/src/src/serial.o
                0x0000000008005e94                serial_reset_read_buffer
 .text.settings_store_startup_line
                0x0000000008005ea8       0x20 .pio/build/genericSTM32F103C8/src/src/settings.o
                0x0000000008005ea8                settings_store_startup_line
 .text.settings_store_build_info
                0x0000000008005ec8        0xc .pio/build/genericSTM32F103C8/src/src/settings.o
                0x0000000008005ec8                settings_store_build_info
 .text.settings_write_coord_data
                0x0000000008005ed4       0x20 .pio/build/genericSTM32F103C8/src/src/settings.o
                0x0000000008005ed4                settings_write_coord_data
 .text.write_global_settings
                0x0000000008005ef4       0x1c .pio/build/genericSTM32F103C8/src/src/settings.o
                0x0000000008005ef4                write_global_settings
 .text.settings_restore
                0x0000000008005f10       0xfc .pio/build/genericSTM32F103C8/src/src/settings.o
                0x0000000008005f10                settings_restore
 .text.settings_read_startup_line
                0x000000000800600c       0x2c .pio/build/genericSTM32F103C8/src/src/settings.o
                0x000000000800600c                settings_read_startup_line
 .text.settings_read_build_info
                0x0000000008006038       0x22 .pio/build/genericSTM32F103C8/src/src/settings.o
                0x0000000008006038                settings_read_build_info
 .text.settings_read_coord_data
                0x000000000800605a       0x32 .pio/build/genericSTM32F103C8/src/src/settings.o
                0x000000000800605a                settings_read_coord_data
 .text.read_global_settings
                0x000000000800608c       0x28 .pio/build/genericSTM32F103C8/src/src/settings.o
                0x000000000800608c                read_global_settings
 .text.settings_store_global_setting
                0x00000000080060b4      0x1fc .pio/build/genericSTM32F103C8/src/src/settings.o
                0x00000000080060b4                settings_store_global_setting
 .text.settings_init
                0x00000000080062b0       0x1e .pio/build/genericSTM32F103C8/src/src/settings.o
                0x00000000080062b0                settings_init
 *fill*         0x00000000080062ce        0x2 
 .text.spindle_get_state
                0x00000000080062d0       0x10 .pio/build/genericSTM32F103C8/src/src/spindle_control.o
                0x00000000080062d0                spindle_get_state
 .text.spindle_stop
                0x00000000080062e0        0xc .pio/build/genericSTM32F103C8/src/src/spindle_control.o
                0x00000000080062e0                spindle_stop
 .text.spindle_init
                0x00000000080062ec       0xe8 .pio/build/genericSTM32F103C8/src/src/spindle_control.o
                0x00000000080062ec                spindle_init
 .text.spindle_set_speed
                0x00000000080063d4       0x14 .pio/build/genericSTM32F103C8/src/src/spindle_control.o
                0x00000000080063d4                spindle_set_speed
 .text.spindle_compute_pwm_value
                0x00000000080063e8       0x8c .pio/build/genericSTM32F103C8/src/src/spindle_control.o
                0x00000000080063e8                spindle_compute_pwm_value
 .text.spindle_set_state
                0x0000000008006474       0x54 .pio/build/genericSTM32F103C8/src/src/spindle_control.o
                0x0000000008006474                spindle_set_state
 .text.spindle_sync
                0x00000000080064c8       0x24 .pio/build/genericSTM32F103C8/src/src/spindle_control.o
                0x00000000080064c8                spindle_sync
 .text.st_wake_up
                0x00000000080064ec       0x74 .pio/build/genericSTM32F103C8/src/src/stepper.o
                0x00000000080064ec                st_wake_up
 .text.st_go_idle
                0x0000000008006560       0x78 .pio/build/genericSTM32F103C8/src/src/stepper.o
                0x0000000008006560                st_go_idle
 .text.TIM2_IRQHandler
                0x00000000080065d8      0x20c .pio/build/genericSTM32F103C8/src/src/stepper.o
                0x00000000080065d8                TIM2_IRQHandler
 .text.TIM3_IRQHandler
                0x00000000080067e4       0x58 .pio/build/genericSTM32F103C8/src/src/stepper.o
                0x00000000080067e4                TIM3_IRQHandler
 .text.st_generate_step_dir_invert_masks
                0x000000000800683c       0x78 .pio/build/genericSTM32F103C8/src/src/stepper.o
                0x000000000800683c                st_generate_step_dir_invert_masks
 .text.st_reset
                0x00000000080068b4       0xa4 .pio/build/genericSTM32F103C8/src/src/stepper.o
                0x00000000080068b4                st_reset
 .text.st_update_plan_block_parameters
                0x0000000008006958       0x2c .pio/build/genericSTM32F103C8/src/src/stepper.o
                0x0000000008006958                st_update_plan_block_parameters
 .text.st_prep_buffer
                0x0000000008006984      0x73c .pio/build/genericSTM32F103C8/src/src/stepper.o
                0x0000000008006984                st_prep_buffer
 .text.st_get_realtime_rate
                0x00000000080070c0       0x1c .pio/build/genericSTM32F103C8/src/src/stepper.o
                0x00000000080070c0                st_get_realtime_rate
 .text.TIM_Configuration
                0x00000000080070dc       0x88 .pio/build/genericSTM32F103C8/src/src/stepper.o
                0x00000000080070dc                TIM_Configuration
 .text.stepper_init
                0x0000000008007164       0xa8 .pio/build/genericSTM32F103C8/src/src/stepper.o
                0x0000000008007164                stepper_init
 .text.system_init
                0x000000000800720c       0x80 .pio/build/genericSTM32F103C8/src/src/system.o
                0x000000000800720c                system_init
 .text.system_control_get_state
                0x000000000800728c       0x30 .pio/build/genericSTM32F103C8/src/src/system.o
                0x000000000800728c                system_control_get_state
 .text.EXTI9_5_IRQHandler
                0x00000000080072bc       0x4c .pio/build/genericSTM32F103C8/src/src/system.o
                0x00000000080072bc                EXTI9_5_IRQHandler
 .text.system_check_safety_door_ajar
                0x0000000008007308        0x4 .pio/build/genericSTM32F103C8/src/src/system.o
                0x0000000008007308                system_check_safety_door_ajar
 .text.system_execute_startup
                0x000000000800730c       0x32 .pio/build/genericSTM32F103C8/src/src/system.o
                0x000000000800730c                system_execute_startup
 *fill*         0x000000000800733e        0x2 
 .text.system_flag_wco_change
                0x0000000008007340       0x14 .pio/build/genericSTM32F103C8/src/src/system.o
                0x0000000008007340                system_flag_wco_change
 .text.system_convert_axis_steps_to_mpos
                0x0000000008007354       0x1c .pio/build/genericSTM32F103C8/src/src/system.o
                0x0000000008007354                system_convert_axis_steps_to_mpos
 .text.system_convert_array_steps_to_mpos
                0x0000000008007370       0x1c .pio/build/genericSTM32F103C8/src/src/system.o
                0x0000000008007370                system_convert_array_steps_to_mpos
 .text.system_check_travel_limits
                0x000000000800738c       0x3c .pio/build/genericSTM32F103C8/src/src/system.o
                0x000000000800738c                system_check_travel_limits
 .text.system_set_exec_state_flag
                0x00000000080073c8       0x14 .pio/build/genericSTM32F103C8/src/src/system.o
                0x00000000080073c8                system_set_exec_state_flag
 .text.system_execute_line
                0x00000000080073dc      0x2cc .pio/build/genericSTM32F103C8/src/src/system.o
                0x00000000080073dc                system_execute_line
 .text.system_clear_exec_state_flag
                0x00000000080076a8       0x14 .pio/build/genericSTM32F103C8/src/src/system.o
                0x00000000080076a8                system_clear_exec_state_flag
 .text.system_set_exec_alarm
                0x00000000080076bc       0x14 .pio/build/genericSTM32F103C8/src/src/system.o
                0x00000000080076bc                system_set_exec_alarm
 .text.system_clear_exec_alarm
                0x00000000080076d0       0x10 .pio/build/genericSTM32F103C8/src/src/system.o
                0x00000000080076d0                system_clear_exec_alarm
 .text.system_set_exec_motion_override_flag
                0x00000000080076e0       0x14 .pio/build/genericSTM32F103C8/src/src/system.o
                0x00000000080076e0                system_set_exec_motion_override_flag
 .text.system_set_exec_accessory_override_flag
                0x00000000080076f4       0x14 .pio/build/genericSTM32F103C8/src/src/system.o
                0x00000000080076f4                system_set_exec_accessory_override_flag
 .text.system_clear_exec_motion_overrides
                0x0000000008007708       0x10 .pio/build/genericSTM32F103C8/src/src/system.o
                0x0000000008007708                system_clear_exec_motion_overrides
 .text.system_clear_exec_accessory_overrides
                0x0000000008007718       0x10 .pio/build/genericSTM32F103C8/src/src/system.o
                0x0000000008007718                system_clear_exec_accessory_overrides
 .text.memcmp   0x0000000008007728       0x64 /Users/shizacat/.platformio/packages/toolchain-gccarmnoneeabi@1.70201.0/bin/../lib/gcc/arm-none-eabi/7.2.1/../../../../arm-none-eabi/lib/thumb/v7-m/libc.a(lib_a-memcmp.o)
                0x0000000008007728                memcmp
 .text.memset   0x000000000800778c       0x94 /Users/shizacat/.platformio/packages/toolchain-gccarmnoneeabi@1.70201.0/bin/../lib/gcc/arm-none-eabi/7.2.1/../../../../arm-none-eabi/lib/thumb/v7-m/libc.a(lib_a-memset.o)
                0x000000000800778c                memset
 .text.ceilf    0x0000000008007820       0x88 /Users/shizacat/.platformio/packages/toolchain-gccarmnoneeabi@1.70201.0/bin/../lib/gcc/arm-none-eabi/7.2.1/../../../../arm-none-eabi/lib/thumb/v7-m/libm.a(lib_a-sf_ceil.o)
                0x0000000008007820                ceilf
 .text.cosf     0x00000000080078a8       0x78 /Users/shizacat/.platformio/packages/toolchain-gccarmnoneeabi@1.70201.0/bin/../lib/gcc/arm-none-eabi/7.2.1/../../../../arm-none-eabi/lib/thumb/v7-m/libm.a(lib_a-sf_cos.o)
                0x00000000080078a8                cosf
 .text.floorf   0x0000000008007920       0x88 /Users/shizacat/.platformio/packages/toolchain-gccarmnoneeabi@1.70201.0/bin/../lib/gcc/arm-none-eabi/7.2.1/../../../../arm-none-eabi/lib/thumb/v7-m/libm.a(lib_a-sf_floor.o)
                0x0000000008007920                floorf
 .text.lroundf  0x00000000080079a8       0x58 /Users/shizacat/.platformio/packages/toolchain-gccarmnoneeabi@1.70201.0/bin/../lib/gcc/arm-none-eabi/7.2.1/../../../../arm-none-eabi/lib/thumb/v7-m/libm.a(lib_a-sf_lround.o)
                0x00000000080079a8                lroundf
 .text.sinf     0x0000000008007a00       0x7c /Users/shizacat/.platformio/packages/toolchain-gccarmnoneeabi@1.70201.0/bin/../lib/gcc/arm-none-eabi/7.2.1/../../../../arm-none-eabi/lib/thumb/v7-m/libm.a(lib_a-sf_sin.o)
                0x0000000008007a00                sinf
 .text.truncf   0x0000000008007a7c       0x24 /Users/shizacat/.platformio/packages/toolchain-gccarmnoneeabi@1.70201.0/bin/../lib/gcc/arm-none-eabi/7.2.1/../../../../arm-none-eabi/lib/thumb/v7-m/libm.a(lib_a-sf_trunc.o)
                0x0000000008007a7c                truncf
 .text.atan2f   0x0000000008007aa0        0x4 /Users/shizacat/.platformio/packages/toolchain-gccarmnoneeabi@1.70201.0/bin/../lib/gcc/arm-none-eabi/7.2.1/../../../../arm-none-eabi/lib/thumb/v7-m/libm.a(lib_a-wf_atan2.o)
                0x0000000008007aa0                atan2f
 .text.sqrtf    0x0000000008007aa4       0xa0 /Users/shizacat/.platformio/packages/toolchain-gccarmnoneeabi@1.70201.0/bin/../lib/gcc/arm-none-eabi/7.2.1/../../../../arm-none-eabi/lib/thumb/v7-m/libm.a(lib_a-wf_sqrt.o)
                0x0000000008007aa4                sqrtf
 .text.__ieee754_atan2f
                0x0000000008007b44      0x120 /Users/shizacat/.platformio/packages/toolchain-gccarmnoneeabi@1.70201.0/bin/../lib/gcc/arm-none-eabi/7.2.1/../../../../arm-none-eabi/lib/thumb/v7-m/libm.a(lib_a-ef_atan2.o)
                0x0000000008007b44                __ieee754_atan2f
 .text.__ieee754_rem_pio2f
                0x0000000008007c64      0x2e4 /Users/shizacat/.platformio/packages/toolchain-gccarmnoneeabi@1.70201.0/bin/../lib/gcc/arm-none-eabi/7.2.1/../../../../arm-none-eabi/lib/thumb/v7-m/libm.a(lib_a-ef_rem_pio2.o)
                0x0000000008007c64                __ieee754_rem_pio2f
 .text.__ieee754_sqrtf
                0x0000000008007f48       0xa8 /Users/shizacat/.platformio/packages/toolchain-gccarmnoneeabi@1.70201.0/bin/../lib/gcc/arm-none-eabi/7.2.1/../../../../arm-none-eabi/lib/thumb/v7-m/libm.a(lib_a-ef_sqrt.o)
                0x0000000008007f48                __ieee754_sqrtf
 .text.__kernel_cosf
                0x0000000008007ff0      0x188 /Users/shizacat/.platformio/packages/toolchain-gccarmnoneeabi@1.70201.0/bin/../lib/gcc/arm-none-eabi/7.2.1/../../../../arm-none-eabi/lib/thumb/v7-m/libm.a(lib_a-kf_cos.o)
                0x0000000008007ff0                __kernel_cosf
 .text.__kernel_rem_pio2f
                0x0000000008008178      0x6c4 /Users/shizacat/.platformio/packages/toolchain-gccarmnoneeabi@1.70201.0/bin/../lib/gcc/arm-none-eabi/7.2.1/../../../../arm-none-eabi/lib/thumb/v7-m/libm.a(lib_a-kf_rem_pio2.o)
                0x0000000008008178                __kernel_rem_pio2f
 .text.__kernel_sinf
                0x000000000800883c       0xec /Users/shizacat/.platformio/packages/toolchain-gccarmnoneeabi@1.70201.0/bin/../lib/gcc/arm-none-eabi/7.2.1/../../../../arm-none-eabi/lib/thumb/v7-m/libm.a(lib_a-kf_sin.o)
                0x000000000800883c                __kernel_sinf
 .text.matherr  0x0000000008008928        0x4 /Users/shizacat/.platformio/packages/toolchain-gccarmnoneeabi@1.70201.0/bin/../lib/gcc/arm-none-eabi/7.2.1/../../../../arm-none-eabi/lib/thumb/v7-m/libm.a(lib_a-s_matherr.o)
                0x0000000008008928                matherr
 .text.atanf    0x000000000800892c      0x21c /Users/shizacat/.platformio/packages/toolchain-gccarmnoneeabi@1.70201.0/bin/../lib/gcc/arm-none-eabi/7.2.1/../../../../arm-none-eabi/lib/thumb/v7-m/libm.a(lib_a-sf_atan.o)
                0x000000000800892c                atanf
 .text.fabsf    0x0000000008008b48        0x8 /Users/shizacat/.platformio/packages/toolchain-gccarmnoneeabi@1.70201.0/bin/../lib/gcc/arm-none-eabi/7.2.1/../../../../arm-none-eabi/lib/thumb/v7-m/libm.a(lib_a-sf_fabs.o)
                0x0000000008008b48                fabsf
 .text.scalbnf  0x0000000008008b50       0xb0 /Users/shizacat/.platformio/packages/toolchain-gccarmnoneeabi@1.70201.0/bin/../lib/gcc/arm-none-eabi/7.2.1/../../../../arm-none-eabi/lib/thumb/v7-m/libm.a(lib_a-sf_scalbn.o)
                0x0000000008008b50                scalbnf
 .text.copysignf
                0x0000000008008c00        0xc /Users/shizacat/.platformio/packages/toolchain-gccarmnoneeabi@1.70201.0/bin/../lib/gcc/arm-none-eabi/7.2.1/../../../../arm-none-eabi/lib/thumb/v7-m/libm.a(lib_a-sf_copysign.o)
                0x0000000008008c00                copysignf
 .text.__errno  0x0000000008008c0c        0xc /Users/shizacat/.platformio/packages/toolchain-gccarmnoneeabi@1.70201.0/bin/../lib/gcc/arm-none-eabi/7.2.1/../../../../arm-none-eabi/lib/thumb/v7-m/libc.a(lib_a-errno.o)
                0x0000000008008c0c                __errno
 *(.glue_7)
 .glue_7        0x0000000008008c18        0x0 linker stubs
 *(.glue_7t)
 .glue_7t       0x0000000008008c18        0x0 linker stubs
 *(.eh_frame)
 *(.init)
 *(.fini)
                0x0000000008008c18                . = ALIGN (0x4)
                0x0000000008008c18                _etext = .

.vfp11_veneer   0x0000000008008c18        0x0
 .vfp11_veneer  0x0000000008008c18        0x0 linker stubs

.v4_bx          0x0000000008008c18        0x0
 .v4_bx         0x0000000008008c18        0x0 linker stubs

.iplt           0x0000000008008c18        0x0
 .iplt          0x0000000008008c18        0x0 .pio/build/genericSTM32F103C8/src/lib/cmsis_boot/startup/startup_stm32f10x_md.o

.rodata         0x0000000008008c18      0x65c
                0x0000000008008c18                . = ALIGN (0x4)
 *(.rodata)
 *(.rodata*)
 .rodata.Virtual_Com_Port_ConfigDescriptor
                0x0000000008008c18       0x43 .pio/build/genericSTM32F103C8/src/lib/usb/usb_desc.o
                0x0000000008008c18                Virtual_Com_Port_ConfigDescriptor
 .rodata.Virtual_Com_Port_DeviceDescriptor
                0x0000000008008c5b       0x12 .pio/build/genericSTM32F103C8/src/lib/usb/usb_desc.o
                0x0000000008008c5b                Virtual_Com_Port_DeviceDescriptor
 .rodata.Virtual_Com_Port_StringLangID
                0x0000000008008c6d        0x4 .pio/build/genericSTM32F103C8/src/lib/usb/usb_desc.o
                0x0000000008008c6d                Virtual_Com_Port_StringLangID
 .rodata.Virtual_Com_Port_StringProduct
                0x0000000008008c71       0x1c .pio/build/genericSTM32F103C8/src/lib/usb/usb_desc.o
                0x0000000008008c71                Virtual_Com_Port_StringProduct
 .rodata.Virtual_Com_Port_StringVendor
                0x0000000008008c8d       0x16 .pio/build/genericSTM32F103C8/src/lib/usb/usb_desc.o
                0x0000000008008c8d                Virtual_Com_Port_StringVendor
 .rodata.report_alarm_message.str1.1
                0x0000000008008ca3        0x7 .pio/build/genericSTM32F103C8/src/src/report.o
 .rodata.report_build_info.str1.1
                0x0000000008008caa       0x1a .pio/build/genericSTM32F103C8/src/src/report.o
 .rodata.report_feedback_message.str1.1
                0x0000000008008cc4       0x9d .pio/build/genericSTM32F103C8/src/src/report.o
 .rodata.report_gcode_modes.str1.1
                0x0000000008008d61       0x19 .pio/build/genericSTM32F103C8/src/src/report.o
 .rodata.report_grbl_help.str1.1
                0x0000000008008d7a       0x4a .pio/build/genericSTM32F103C8/src/src/report.o
 .rodata.report_init_message.str1.1
                0x0000000008008dc4       0x1d .pio/build/genericSTM32F103C8/src/src/report.o
 .rodata.report_ngc_parameters.str1.1
                0x0000000008008de1       0x15 .pio/build/genericSTM32F103C8/src/src/report.o
 .rodata.report_probe_parameters.str1.1
                0x0000000008008df6        0x6 .pio/build/genericSTM32F103C8/src/src/report.o
 .rodata.report_realtime_status.str1.1
                0x0000000008008dfc       0x5c .pio/build/genericSTM32F103C8/src/src/report.o
 .rodata.report_startup_line.str1.1
                0x0000000008008e58        0x3 .pio/build/genericSTM32F103C8/src/src/report.o
 .rodata.report_status_message.str1.1
                0x0000000008008e5b        0xc .pio/build/genericSTM32F103C8/src/src/report.o
 .rodata.report_util_line_feed.str1.1
                0x0000000008008e67        0xc .pio/build/genericSTM32F103C8/src/src/report.o
                                          0x3 (size before relaxing)
 *fill*         0x0000000008008e67        0x1 
 .rodata.direction_pin_mask
                0x0000000008008e68        0x6 .pio/build/genericSTM32F103C8/src/src/stepper.o
                0x0000000008008e68                direction_pin_mask
 .rodata.limit_pin_mask
                0x0000000008008e6e        0x6 .pio/build/genericSTM32F103C8/src/src/stepper.o
                0x0000000008008e6e                limit_pin_mask
 .rodata.step_pin_mask
                0x0000000008008e74        0x6 .pio/build/genericSTM32F103C8/src/src/stepper.o
                0x0000000008008e74                step_pin_mask
 *fill*         0x0000000008008e7a        0x2 
 .rodata.sqrtf.str1.4
                0x0000000008008e7c        0x8 /Users/shizacat/.platformio/packages/toolchain-gccarmnoneeabi@1.70201.0/bin/../lib/gcc/arm-none-eabi/7.2.1/../../../../arm-none-eabi/lib/thumb/v7-m/libm.a(lib_a-wf_sqrt.o)
                                          0x6 (size before relaxing)
 .rodata.npio2_hw
                0x0000000008008e84       0x80 /Users/shizacat/.platformio/packages/toolchain-gccarmnoneeabi@1.70201.0/bin/../lib/gcc/arm-none-eabi/7.2.1/../../../../arm-none-eabi/lib/thumb/v7-m/libm.a(lib_a-ef_rem_pio2.o)
 .rodata.two_over_pi
                0x0000000008008f04      0x318 /Users/shizacat/.platformio/packages/toolchain-gccarmnoneeabi@1.70201.0/bin/../lib/gcc/arm-none-eabi/7.2.1/../../../../arm-none-eabi/lib/thumb/v7-m/libm.a(lib_a-ef_rem_pio2.o)
 .rodata.PIo2   0x000000000800921c       0x2c /Users/shizacat/.platformio/packages/toolchain-gccarmnoneeabi@1.70201.0/bin/../lib/gcc/arm-none-eabi/7.2.1/../../../../arm-none-eabi/lib/thumb/v7-m/libm.a(lib_a-kf_rem_pio2.o)
 .rodata.init_jk
                0x0000000008009248        0xc /Users/shizacat/.platformio/packages/toolchain-gccarmnoneeabi@1.70201.0/bin/../lib/gcc/arm-none-eabi/7.2.1/../../../../arm-none-eabi/lib/thumb/v7-m/libm.a(lib_a-kf_rem_pio2.o)
 .rodata.atanhi
                0x0000000008009254       0x10 /Users/shizacat/.platformio/packages/toolchain-gccarmnoneeabi@1.70201.0/bin/../lib/gcc/arm-none-eabi/7.2.1/../../../../arm-none-eabi/lib/thumb/v7-m/libm.a(lib_a-sf_atan.o)
 .rodata.atanlo
                0x0000000008009264       0x10 /Users/shizacat/.platformio/packages/toolchain-gccarmnoneeabi@1.70201.0/bin/../lib/gcc/arm-none-eabi/7.2.1/../../../../arm-none-eabi/lib/thumb/v7-m/libm.a(lib_a-sf_atan.o)
                0x0000000008009274                . = ALIGN (0x4)

.rel.dyn        0x0000000008009274        0x0
 .rel.iplt      0x0000000008009274        0x0 .pio/build/genericSTM32F103C8/src/lib/cmsis_boot/startup/startup_stm32f10x_md.o

.ARM.extab
 *(.ARM.extab* .gnu.linkonce.armextab.*)

.ARM            0x0000000008009274        0x0
                0x0000000008009274                __exidx_start = .
 *(.ARM.exidx*)
                0x0000000008009274                __exidx_end = .

.preinit_array  0x0000000008009274        0x0
                [!provide]                        PROVIDE (__preinit_array_start, .)
 *(.preinit_array*)
                [!provide]                        PROVIDE (__preinit_array_end, .)

.init_array     0x0000000008009274        0x0
                [!provide]                        PROVIDE (__init_array_start, .)
 *(SORT_BY_NAME(.init_array.*))
 *(.init_array*)
                [!provide]                        PROVIDE (__init_array_end, .)

.fini_array     0x0000000008009274        0x0
                [!provide]                        PROVIDE (__fini_array_start, .)
 *(SORT_BY_NAME(.fini_array.*))
 *(.fini_array*)
                [!provide]                        PROVIDE (__fini_array_end, .)
                0x0000000008009274                _sidata = LOADADDR (.data)

.data           0x0000000020000000      0x518 load address 0x0000000008009274
                0x0000000020000000                . = ALIGN (0x4)
                0x0000000020000000                _sdata = .
 *(.data)
 *(.data*)
 .data.Virtual_Com_Port_StringSerial
                0x0000000020000000       0x1a .pio/build/genericSTM32F103C8/src/lib/usb/usb_desc.o
                0x0000000020000000                Virtual_Com_Port_StringSerial
 *fill*         0x000000002000001a        0x2 
 .data.pEpInt_IN
                0x000000002000001c       0x1c .pio/build/genericSTM32F103C8/src/lib/usb/usb_istr.o
                0x000000002000001c                pEpInt_IN
 .data.pEpInt_OUT
                0x0000000020000038       0x1c .pio/build/genericSTM32F103C8/src/lib/usb/usb_istr.o
                0x0000000020000038                pEpInt_OUT
 .data.Config_Descriptor
                0x0000000020000054        0x8 .pio/build/genericSTM32F103C8/src/lib/usb/usb_prop.o
                0x0000000020000054                Config_Descriptor
 .data.Device_Descriptor
                0x000000002000005c        0x8 .pio/build/genericSTM32F103C8/src/lib/usb/usb_prop.o
                0x000000002000005c                Device_Descriptor
 .data.Device_Property
                0x0000000020000064       0x30 .pio/build/genericSTM32F103C8/src/lib/usb/usb_prop.o
                0x0000000020000064                Device_Property
 .data.Device_Table
                0x0000000020000094        0x2 .pio/build/genericSTM32F103C8/src/lib/usb/usb_prop.o
                0x0000000020000094                Device_Table
 *fill*         0x0000000020000096        0x2 
 .data.String_Descriptor
                0x0000000020000098       0x20 .pio/build/genericSTM32F103C8/src/lib/usb/usb_prop.o
                0x0000000020000098                String_Descriptor
 .data.User_Standard_Requests
                0x00000000200000b8       0x24 .pio/build/genericSTM32F103C8/src/lib/usb/usb_prop.o
                0x00000000200000b8                User_Standard_Requests
 .data.linecoding
                0x00000000200000dc        0x8 .pio/build/genericSTM32F103C8/src/lib/usb/usb_prop.o
                0x00000000200000dc                linecoding
 .data.nOnFlag.7839
                0x00000000200000e4        0x1 .pio/build/genericSTM32F103C8/src/src/main.o
 .data.__fdlib_version
                0x00000000200000e5        0x1 /Users/shizacat/.platformio/packages/toolchain-gccarmnoneeabi@1.70201.0/bin/../lib/gcc/arm-none-eabi/7.2.1/../../../../arm-none-eabi/lib/thumb/v7-m/libm.a(lib_a-s_lib_ver.o)
                0x00000000200000e5                __fdlib_version
 *fill*         0x00000000200000e6        0x2 
 .data._impure_ptr
                0x00000000200000e8        0x4 /Users/shizacat/.platformio/packages/toolchain-gccarmnoneeabi@1.70201.0/bin/../lib/gcc/arm-none-eabi/7.2.1/../../../../arm-none-eabi/lib/thumb/v7-m/libc.a(lib_a-impure.o)
                0x00000000200000e8                _impure_ptr
 *fill*         0x00000000200000ec        0x4 
 .data.impure_data
                0x00000000200000f0      0x428 /Users/shizacat/.platformio/packages/toolchain-gccarmnoneeabi@1.70201.0/bin/../lib/gcc/arm-none-eabi/7.2.1/../../../../arm-none-eabi/lib/thumb/v7-m/libc.a(lib_a-impure.o)
                0x0000000020000518                . = ALIGN (0x4)
                0x0000000020000518                _edata = .

.co_stack       0x0000000020000518      0x400 load address 0x000000000800978c
 .co_stack      0x0000000020000518      0x400 .pio/build/genericSTM32F103C8/src/lib/cmsis_boot/startup/startup_stm32f10x_md.o
                0x0000000020000518                pulStack

.igot.plt       0x0000000020000918        0x0 load address 0x0000000008009b8c
 .igot.plt      0x0000000020000918        0x0 .pio/build/genericSTM32F103C8/src/lib/cmsis_boot/startup/startup_stm32f10x_md.o
                0x0000000020000918                . = ALIGN (0x4)

.bss            0x0000000020000918     0x105c load address 0x0000000008009b8c
                0x0000000020000918                _sbss = .
                0x0000000020000918                __bss_start__ = _sbss
 *(.bss)
 *(.bss*)
 .bss.Data_Mul_MaxPacketSize
                0x0000000020000918        0x4 .pio/build/genericSTM32F103C8/src/lib/stm_usb_fs_lib/src/usb_core.o
                0x0000000020000918                Data_Mul_MaxPacketSize
 .bss.bIntPackSOF
                0x000000002000091c        0x1 .pio/build/genericSTM32F103C8/src/lib/usb/usb_istr.o
                0x000000002000091c                bIntPackSOF
 .bss.Request   0x000000002000091d        0x1 .pio/build/genericSTM32F103C8/src/lib/usb/usb_prop.o
                0x000000002000091d                Request
 *fill*         0x000000002000091e        0x2 
 .bss.bDeviceState
                0x0000000020000920        0x4 .pio/build/genericSTM32F103C8/src/lib/usb/usb_pwr.o
                0x0000000020000920                bDeviceState
 .bss.block_buffer
                0x0000000020000924      0x750 .pio/build/genericSTM32F103C8/src/src/planner.o
 .bss.block_buffer_head
                0x0000000020001074        0x1 .pio/build/genericSTM32F103C8/src/src/planner.o
 .bss.block_buffer_planned
                0x0000000020001075        0x1 .pio/build/genericSTM32F103C8/src/src/planner.o
 .bss.block_buffer_tail
                0x0000000020001076        0x1 .pio/build/genericSTM32F103C8/src/src/planner.o
 .bss.next_buffer_head
                0x0000000020001077        0x1 .pio/build/genericSTM32F103C8/src/src/planner.o
 .bss.pl        0x0000000020001078       0x1c .pio/build/genericSTM32F103C8/src/src/planner.o
 .bss.line      0x0000000020001094       0x50 .pio/build/genericSTM32F103C8/src/src/protocol.o
 .bss.serial_rx_buffer_head
                0x00000000200010e4        0x1 .pio/build/genericSTM32F103C8/src/src/serial.o
                0x00000000200010e4                serial_rx_buffer_head
 .bss.serial_rx_buffer_tail
                0x00000000200010e5        0x1 .pio/build/genericSTM32F103C8/src/src/serial.o
                0x00000000200010e5                serial_rx_buffer_tail
 .bss.serial_tx_buffer_head
                0x00000000200010e6        0x1 .pio/build/genericSTM32F103C8/src/src/serial.o
                0x00000000200010e6                serial_tx_buffer_head
 .bss.serial_tx_buffer_tail
                0x00000000200010e7        0x1 .pio/build/genericSTM32F103C8/src/src/serial.o
                0x00000000200010e7                serial_tx_buffer_tail
 .bss.pwm_gradient
                0x00000000200010e8        0x4 .pio/build/genericSTM32F103C8/src/src/spindle_control.o
 .bss.busy      0x00000000200010ec        0x1 .pio/build/genericSTM32F103C8/src/src/stepper.o
 *fill*         0x00000000200010ed        0x1 
 .bss.dir_port_invert_mask
                0x00000000200010ee        0x2 .pio/build/genericSTM32F103C8/src/src/stepper.o
 .bss.pl_block  0x00000000200010f0        0x4 .pio/build/genericSTM32F103C8/src/src/stepper.o
 .bss.prep      0x00000000200010f4       0x38 .pio/build/genericSTM32F103C8/src/src/stepper.o
 .bss.segment_buffer
                0x000000002000112c       0x50 .pio/build/genericSTM32F103C8/src/src/stepper.o
 .bss.segment_buffer_head
                0x000000002000117c        0x1 .pio/build/genericSTM32F103C8/src/src/stepper.o
 .bss.segment_buffer_tail
                0x000000002000117d        0x1 .pio/build/genericSTM32F103C8/src/src/stepper.o
 .bss.segment_next_head
                0x000000002000117e        0x1 .pio/build/genericSTM32F103C8/src/src/stepper.o
 *fill*         0x000000002000117f        0x1 
 .bss.st        0x0000000020001180       0x2c .pio/build/genericSTM32F103C8/src/src/stepper.o
 .bss.st_block_buffer
                0x00000000200011ac       0xb4 .pio/build/genericSTM32F103C8/src/src/stepper.o
 .bss.st_prep_block
                0x0000000020001260        0x4 .pio/build/genericSTM32F103C8/src/src/stepper.o
 .bss.step_port_invert_mask
                0x0000000020001264        0x2 .pio/build/genericSTM32F103C8/src/src/stepper.o
 *(COMMON)
 COMMON         0x0000000020001266        0x2 .pio/build/genericSTM32F103C8/src/lib/stm_usb_fs_lib/src/usb_core.o
                0x0000000020001266                StatusInfo
 COMMON         0x0000000020001268       0x32 .pio/build/genericSTM32F103C8/src/lib/stm_usb_fs_lib/src/usb_init.o
                0x0000000020001268                SaveState
                0x000000002000126c                pProperty
                0x0000000020001270                EPindex
                0x0000000020001274                Device_Info
                0x0000000020001290                pUser_Standard_Requests
                0x0000000020001294                pInformation
                0x0000000020001298                wInterrupt_Mask
 COMMON         0x000000002000129a        0x4 .pio/build/genericSTM32F103C8/src/lib/stm_usb_fs_lib/src/usb_int.o
                0x000000002000129a                SaveRState
                0x000000002000129c                SaveTState
 COMMON         0x000000002000129e       0x40 .pio/build/genericSTM32F103C8/src/lib/usb/usb_endp.o
                0x000000002000129e                USB_Rx_Buffer
 COMMON         0x00000000200012de        0x2 .pio/build/genericSTM32F103C8/src/lib/usb/usb_istr.o
                0x00000000200012de                wIstr
 COMMON         0x00000000200012e0      0x400 .pio/build/genericSTM32F103C8/src/src/eeprom.o
                0x00000000200012e0                EE_Buffer
 COMMON         0x00000000200016e0       0x84 .pio/build/genericSTM32F103C8/src/src/gcode.o
                0x00000000200016e0                gc_state
                0x0000000020001724                gc_block
 COMMON         0x0000000020001764       0x35 .pio/build/genericSTM32F103C8/src/src/main.o
                0x0000000020001764                sys_rt_exec_motion_override
                0x0000000020001768                sys
                0x000000002000177c                sys_rt_exec_accessory_override
                0x000000002000177d                sys_rt_exec_state
                0x000000002000177e                sys_probe_state
                0x0000000020001780                sys_probe_position
                0x000000002000178c                sys_position
                0x0000000020001798                sys_rt_exec_alarm
 COMMON         0x0000000020001799        0x1 .pio/build/genericSTM32F103C8/src/src/probe.o
                0x0000000020001799                probe_invert_mask
 COMMON         0x000000002000179a      0x17e .pio/build/genericSTM32F103C8/src/src/serial.o
                0x000000002000179a                serial_tx_buffer
                0x000000002000181a                serial_rx_buffer
 COMMON         0x0000000020001918       0x5c .pio/build/genericSTM32F103C8/src/src/settings.o
                0x0000000020001918                settings
                0x0000000020001974                . = ALIGN (0x4)
                0x0000000020001974                _ebss = .
                0x0000000020001974                __bss_end__ = _ebss

._user_heap_stack
                0x0000000020001974      0x600 load address 0x0000000008009b8c
                0x0000000020001974                . = ALIGN (0x4)
                [!provide]                        PROVIDE (end, .)
                [!provide]                        PROVIDE (_end, .)
                0x0000000020001b74                . = (. + _Min_Heap_Size)
 *fill*         0x0000000020001974      0x200 
                0x0000000020001f74                . = (. + _Min_Stack_Size)
 *fill*         0x0000000020001b74      0x400 
                0x0000000020001f74                . = ALIGN (0x4)

/DISCARD/
 libc.a(*)
 libm.a(*)
 libgcc.a(*)

.ARM.attributes
                0x0000000000000000       0x33
 *(.ARM.attributes)
 .ARM.attributes
                0x0000000000000000       0x33 .pio/build/genericSTM32F103C8/src/lib/cmsis_boot/startup/startup_stm32f10x_md.o
 .ARM.attributes
                0x0000000000000033       0x33 .pio/build/genericSTM32F103C8/src/lib/cmsis_boot/system_stm32f10x.o
 .ARM.attributes
                0x0000000000000066       0x33 .pio/build/genericSTM32F103C8/src/lib/stm_lib/src/misc.o
 .ARM.attributes
                0x0000000000000099       0x33 .pio/build/genericSTM32F103C8/src/lib/stm_lib/src/stm32f10x_exti.o
 .ARM.attributes
                0x00000000000000cc       0x33 .pio/build/genericSTM32F103C8/src/lib/stm_lib/src/stm32f10x_flash.o
 .ARM.attributes
                0x00000000000000ff       0x33 .pio/build/genericSTM32F103C8/src/lib/stm_lib/src/stm32f10x_gpio.o
 .ARM.attributes
                0x0000000000000132       0x33 .pio/build/genericSTM32F103C8/src/lib/stm_lib/src/stm32f10x_rcc.o
 .ARM.attributes
                0x0000000000000165       0x33 .pio/build/genericSTM32F103C8/src/lib/stm_lib/src/stm32f10x_tim.o
 .ARM.attributes
                0x0000000000000198       0x33 .pio/build/genericSTM32F103C8/src/lib/stm_usb_fs_lib/src/usb_core.o
 .ARM.attributes
                0x00000000000001cb       0x33 .pio/build/genericSTM32F103C8/src/lib/stm_usb_fs_lib/src/usb_init.o
 .ARM.attributes
                0x00000000000001fe       0x33 .pio/build/genericSTM32F103C8/src/lib/stm_usb_fs_lib/src/usb_int.o
 .ARM.attributes
                0x0000000000000231       0x33 .pio/build/genericSTM32F103C8/src/lib/stm_usb_fs_lib/src/usb_mem.o
 .ARM.attributes
                0x0000000000000264       0x33 .pio/build/genericSTM32F103C8/src/lib/stm_usb_fs_lib/src/usb_regs.o
 .ARM.attributes
                0x0000000000000297       0x33 .pio/build/genericSTM32F103C8/src/lib/stm_usb_fs_lib/src/usb_sil.o
 .ARM.attributes
                0x00000000000002ca       0x33 .pio/build/genericSTM32F103C8/src/lib/usb/hw_config.o
 .ARM.attributes
                0x00000000000002fd       0x33 .pio/build/genericSTM32F103C8/src/lib/usb/usb_desc.o
 .ARM.attributes
                0x0000000000000330       0x33 .pio/build/genericSTM32F103C8/src/lib/usb/usb_endp.o
 .ARM.attributes
                0x0000000000000363       0x33 .pio/build/genericSTM32F103C8/src/lib/usb/usb_istr.o
 .ARM.attributes
                0x0000000000000396       0x33 .pio/build/genericSTM32F103C8/src/lib/usb/usb_prop.o
 .ARM.attributes
                0x00000000000003c9       0x33 .pio/build/genericSTM32F103C8/src/lib/usb/usb_pwr.o
 .ARM.attributes
                0x00000000000003fc       0x33 .pio/build/genericSTM32F103C8/src/lib/util/stm32f10x_it.o
 .ARM.attributes
                0x000000000000042f       0x33 .pio/build/genericSTM32F103C8/src/src/coolant_control.o
 .ARM.attributes
                0x0000000000000462       0x33 .pio/build/genericSTM32F103C8/src/src/eeprom.o
 .ARM.attributes
                0x0000000000000495       0x33 .pio/build/genericSTM32F103C8/src/src/gcode.o
 .ARM.attributes
                0x00000000000004c8       0x33 .pio/build/genericSTM32F103C8/src/src/jog.o
 .ARM.attributes
                0x00000000000004fb       0x33 .pio/build/genericSTM32F103C8/src/src/limits.o
 .ARM.attributes
                0x000000000000052e       0x33 .pio/build/genericSTM32F103C8/src/src/main.o
 .ARM.attributes
                0x0000000000000561       0x33 .pio/build/genericSTM32F103C8/src/src/motion_control.o
 .ARM.attributes
                0x0000000000000594       0x33 .pio/build/genericSTM32F103C8/src/src/nuts_bolts.o
 .ARM.attributes
                0x00000000000005c7       0x33 .pio/build/genericSTM32F103C8/src/src/planner.o
 .ARM.attributes
                0x00000000000005fa       0x33 .pio/build/genericSTM32F103C8/src/src/print.o
 .ARM.attributes
                0x000000000000062d       0x33 .pio/build/genericSTM32F103C8/src/src/probe.o
 .ARM.attributes
                0x0000000000000660       0x33 .pio/build/genericSTM32F103C8/src/src/protocol.o
 .ARM.attributes
                0x0000000000000693       0x33 .pio/build/genericSTM32F103C8/src/src/report.o
 .ARM.attributes
                0x00000000000006c6       0x33 .pio/build/genericSTM32F103C8/src/src/serial.o
 .ARM.attributes
                0x00000000000006f9       0x33 .pio/build/genericSTM32F103C8/src/src/settings.o
 .ARM.attributes
                0x000000000000072c       0x33 .pio/build/genericSTM32F103C8/src/src/spindle_control.o
 .ARM.attributes
                0x000000000000075f       0x33 .pio/build/genericSTM32F103C8/src/src/stepper.o
 .ARM.attributes
                0x0000000000000792       0x33 .pio/build/genericSTM32F103C8/src/src/system.o
 .ARM.attributes
                0x00000000000007c5       0x2d /Users/shizacat/.platformio/packages/toolchain-gccarmnoneeabi@1.70201.0/bin/../lib/gcc/arm-none-eabi/7.2.1/../../../../arm-none-eabi/lib/thumb/v7-m/libc.a(lib_a-memcmp.o)
 .ARM.attributes
                0x00000000000007f2       0x2d /Users/shizacat/.platformio/packages/toolchain-gccarmnoneeabi@1.70201.0/bin/../lib/gcc/arm-none-eabi/7.2.1/../../../../arm-none-eabi/lib/thumb/v7-m/libc.a(lib_a-memset.o)
 .ARM.attributes
                0x000000000000081f       0x1d /Users/shizacat/.platformio/packages/toolchain-gccarmnoneeabi@1.70201.0/bin/../lib/gcc/arm-none-eabi/7.2.1/thumb/v7-m/libgcc.a(_arm_addsubdf3.o)
 .ARM.attributes
                0x000000000000083c       0x1d /Users/shizacat/.platformio/packages/toolchain-gccarmnoneeabi@1.70201.0/bin/../lib/gcc/arm-none-eabi/7.2.1/thumb/v7-m/libgcc.a(_arm_cmpdf2.o)
 .ARM.attributes
                0x0000000000000859       0x1d /Users/shizacat/.platformio/packages/toolchain-gccarmnoneeabi@1.70201.0/bin/../lib/gcc/arm-none-eabi/7.2.1/thumb/v7-m/libgcc.a(_arm_truncdfsf2.o)
 .ARM.attributes
                0x0000000000000876       0x1d /Users/shizacat/.platformio/packages/toolchain-gccarmnoneeabi@1.70201.0/bin/../lib/gcc/arm-none-eabi/7.2.1/thumb/v7-m/libgcc.a(_arm_addsubsf3.o)
 .ARM.attributes
                0x0000000000000893       0x1d /Users/shizacat/.platformio/packages/toolchain-gccarmnoneeabi@1.70201.0/bin/../lib/gcc/arm-none-eabi/7.2.1/thumb/v7-m/libgcc.a(_arm_muldivsf3.o)
 .ARM.attributes
                0x00000000000008b0       0x1d /Users/shizacat/.platformio/packages/toolchain-gccarmnoneeabi@1.70201.0/bin/../lib/gcc/arm-none-eabi/7.2.1/thumb/v7-m/libgcc.a(_arm_cmpsf2.o)
 .ARM.attributes
                0x00000000000008cd       0x1d /Users/shizacat/.platformio/packages/toolchain-gccarmnoneeabi@1.70201.0/bin/../lib/gcc/arm-none-eabi/7.2.1/thumb/v7-m/libgcc.a(_arm_fixsfsi.o)
 .ARM.attributes
                0x00000000000008ea       0x1d /Users/shizacat/.platformio/packages/toolchain-gccarmnoneeabi@1.70201.0/bin/../lib/gcc/arm-none-eabi/7.2.1/thumb/v7-m/libgcc.a(_arm_fixunssfsi.o)
 .ARM.attributes
                0x0000000000000907       0x2d /Users/shizacat/.platformio/packages/toolchain-gccarmnoneeabi@1.70201.0/bin/../lib/gcc/arm-none-eabi/7.2.1/../../../../arm-none-eabi/lib/thumb/v7-m/libm.a(lib_a-sf_ceil.o)
 .ARM.attributes
                0x0000000000000934       0x2d /Users/shizacat/.platformio/packages/toolchain-gccarmnoneeabi@1.70201.0/bin/../lib/gcc/arm-none-eabi/7.2.1/../../../../arm-none-eabi/lib/thumb/v7-m/libm.a(lib_a-sf_cos.o)
 .ARM.attributes
                0x0000000000000961       0x2d /Users/shizacat/.platformio/packages/toolchain-gccarmnoneeabi@1.70201.0/bin/../lib/gcc/arm-none-eabi/7.2.1/../../../../arm-none-eabi/lib/thumb/v7-m/libm.a(lib_a-sf_floor.o)
 .ARM.attributes
                0x000000000000098e       0x2d /Users/shizacat/.platformio/packages/toolchain-gccarmnoneeabi@1.70201.0/bin/../lib/gcc/arm-none-eabi/7.2.1/../../../../arm-none-eabi/lib/thumb/v7-m/libm.a(lib_a-sf_lround.o)
 .ARM.attributes
                0x00000000000009bb       0x2d /Users/shizacat/.platformio/packages/toolchain-gccarmnoneeabi@1.70201.0/bin/../lib/gcc/arm-none-eabi/7.2.1/../../../../arm-none-eabi/lib/thumb/v7-m/libm.a(lib_a-sf_sin.o)
 .ARM.attributes
                0x00000000000009e8       0x2d /Users/shizacat/.platformio/packages/toolchain-gccarmnoneeabi@1.70201.0/bin/../lib/gcc/arm-none-eabi/7.2.1/../../../../arm-none-eabi/lib/thumb/v7-m/libm.a(lib_a-sf_trunc.o)
 .ARM.attributes